Archive member included because of file (symbol)

C:\Users\Marcus\Dropbox\E7020E (LP3 14-15)\Project\CMSISv2p00_LPC11xx\Debug\libCMSISv2p00_LPC11xx.a(system_LPC11xx.o)
                              ./src/cr_startup_lpc11xx.o (SystemInit)
c:/nxp/lpcxpresso_7.5.0_254/lpcxpresso/tools/bin/../lib/gcc/arm-none-eabi/4.8.4/../../../../arm-none-eabi/lib/armv6-m\libcr_c.a(__weak__main.o)
                              ./src/cr_startup_lpc11xx.o (__main)
c:/nxp/lpcxpresso_7.5.0_254/lpcxpresso/tools/bin/../lib/gcc/arm-none-eabi/4.8.4/armv6-m\libcr_eabihelpers.a(division_32.o)
                              ./src/Software.o (__aeabi_idiv)
c:/nxp/lpcxpresso_7.5.0_254/lpcxpresso/tools/bin/../lib/gcc/arm-none-eabi/4.8.4/armv6-m\libcr_eabihelpers.a(division_idiv0.o)
                              c:/nxp/lpcxpresso_7.5.0_254/lpcxpresso/tools/bin/../lib/gcc/arm-none-eabi/4.8.4/armv6-m\libcr_eabihelpers.a(division_32.o) (__aeabi_idiv0)
c:/nxp/lpcxpresso_7.5.0_254/lpcxpresso/tools/bin/../lib/gcc/arm-none-eabi/4.8.4/armv6-m\libcr_eabihelpers.a(float.o)
                              ./src/Software.o (__aeabi_fdiv)
c:/nxp/lpcxpresso_7.5.0_254/lpcxpresso/tools/bin/../lib/gcc/arm-none-eabi/4.8.4/armv6-m\libcr_eabihelpers.a(llong.o)
                              c:/nxp/lpcxpresso_7.5.0_254/lpcxpresso/tools/bin/../lib/gcc/arm-none-eabi/4.8.4/armv6-m\libcr_eabihelpers.a(float.o) (__aeabi_lmul)

Allocating common symbols
Common symbol       size              file

uart_tx_buf         0x20              ./src/uart.o
string              0x10              ./src/Software.o

Discarded input sections

 .group         0x00000000        0x8 ./src/Software.o
 .group         0x00000000        0x8 ./src/Software.o
 .group         0x00000000        0x8 ./src/Software.o
 .group         0x00000000        0x8 ./src/Software.o
 .group         0x00000000        0x8 ./src/Software.o
 .group         0x00000000        0x8 ./src/Software.o
 .group         0x00000000        0x8 ./src/Software.o
 .group         0x00000000        0x8 ./src/Software.o
 .group         0x00000000        0x8 ./src/Software.o
 .group         0x00000000        0x8 ./src/Software.o
 .group         0x00000000        0x8 ./src/Software.o
 .text          0x00000000        0x0 ./src/Software.o
 .data          0x00000000        0x0 ./src/Software.o
 .bss           0x00000000        0x0 ./src/Software.o
 .bss.temp      0x00000000        0x4 ./src/Software.o
 .bss.i         0x00000000        0x4 ./src/Software.o
 .text.parser   0x00000000       0x10 ./src/Software.o
 COMMON         0x00000000       0x10 ./src/Software.o
 .group         0x00000000        0x8 ./src/cr_startup_lpc11xx.o
 .text          0x00000000        0x0 ./src/cr_startup_lpc11xx.o
 .data          0x00000000        0x0 ./src/cr_startup_lpc11xx.o
 .bss           0x00000000        0x0 ./src/cr_startup_lpc11xx.o
 .debug_macro   0x00000000      0x820 ./src/cr_startup_lpc11xx.o
 .group         0x00000000        0x8 ./src/crp.o
 .group         0x00000000        0x8 ./src/crp.o
 .text          0x00000000        0x0 ./src/crp.o
 .data          0x00000000        0x0 ./src/crp.o
 .bss           0x00000000        0x0 ./src/crp.o
 .debug_macro   0x00000000      0x820 ./src/crp.o
 .group         0x00000000        0x8 ./src/pwm.o
 .group         0x00000000        0x8 ./src/pwm.o
 .group         0x00000000        0x8 ./src/pwm.o
 .group         0x00000000        0x8 ./src/pwm.o
 .group         0x00000000        0x8 ./src/pwm.o
 .group         0x00000000        0x8 ./src/pwm.o
 .group         0x00000000        0x8 ./src/pwm.o
 .group         0x00000000        0x8 ./src/pwm.o
 .group         0x00000000        0x8 ./src/pwm.o
 .group         0x00000000        0x8 ./src/pwm.o
 .group         0x00000000        0x8 ./src/pwm.o
 .text          0x00000000        0x0 ./src/pwm.o
 .data          0x00000000        0x0 ./src/pwm.o
 .bss           0x00000000        0x0 ./src/pwm.o
 .text.pwm_init
                0x00000000       0xc0 ./src/pwm.o
 .text.pwm_red  0x00000000       0x34 ./src/pwm.o
 .text.pwm_green
                0x00000000       0x34 ./src/pwm.o
 .text.pwm_blue
                0x00000000       0x34 ./src/pwm.o
 .debug_info    0x00000000      0x80c ./src/pwm.o
 .debug_abbrev  0x00000000      0x121 ./src/pwm.o
 .debug_aranges
                0x00000000       0x38 ./src/pwm.o
 .debug_ranges  0x00000000       0x28 ./src/pwm.o
 .debug_macro   0x00000000       0xa5 ./src/pwm.o
 .debug_macro   0x00000000      0x820 ./src/pwm.o
 .debug_macro   0x00000000       0x1c ./src/pwm.o
 .debug_macro   0x00000000       0x2e ./src/pwm.o
 .debug_macro   0x00000000       0x10 ./src/pwm.o
 .debug_macro   0x00000000      0x12d ./src/pwm.o
 .debug_macro   0x00000000      0x5b2 ./src/pwm.o
 .debug_macro   0x00000000      0x237 ./src/pwm.o
 .debug_macro   0x00000000      0x131 ./src/pwm.o
 .debug_macro   0x00000000       0x82 ./src/pwm.o
 .debug_macro   0x00000000       0x10 ./src/pwm.o
 .debug_macro   0x00000000       0x16 ./src/pwm.o
 .debug_line    0x00000000      0x260 ./src/pwm.o
 .debug_str     0x00000000     0x58e0 ./src/pwm.o
 .comment       0x00000000       0x71 ./src/pwm.o
 .ARM.attributes
                0x00000000       0x31 ./src/pwm.o
 .debug_frame   0x00000000       0x8c ./src/pwm.o
 .group         0x00000000        0x8 ./src/uart.o
 .group         0x00000000        0x8 ./src/uart.o
 .group         0x00000000        0x8 ./src/uart.o
 .group         0x00000000        0x8 ./src/uart.o
 .group         0x00000000        0x8 ./src/uart.o
 .group         0x00000000        0x8 ./src/uart.o
 .group         0x00000000        0x8 ./src/uart.o
 .group         0x00000000        0x8 ./src/uart.o
 .text          0x00000000        0x0 ./src/uart.o
 .data          0x00000000        0x0 ./src/uart.o
 .bss           0x00000000        0x0 ./src/uart.o
 .debug_macro   0x00000000      0x820 ./src/uart.o
 .debug_macro   0x00000000       0x1c ./src/uart.o
 .debug_macro   0x00000000       0x2e ./src/uart.o
 .debug_macro   0x00000000       0x10 ./src/uart.o
 .debug_macro   0x00000000      0x12d ./src/uart.o
 .debug_macro   0x00000000      0x5b2 ./src/uart.o
 .debug_macro   0x00000000      0x237 ./src/uart.o
 .debug_macro   0x00000000      0x131 ./src/uart.o
 .group         0x00000000        0x8 C:\Users\Marcus\Dropbox\E7020E (LP3 14-15)\Project\CMSISv2p00_LPC11xx\Debug\libCMSISv2p00_LPC11xx.a(system_LPC11xx.o)
 .group         0x00000000        0x8 C:\Users\Marcus\Dropbox\E7020E (LP3 14-15)\Project\CMSISv2p00_LPC11xx\Debug\libCMSISv2p00_LPC11xx.a(system_LPC11xx.o)
 .group         0x00000000        0x8 C:\Users\Marcus\Dropbox\E7020E (LP3 14-15)\Project\CMSISv2p00_LPC11xx\Debug\libCMSISv2p00_LPC11xx.a(system_LPC11xx.o)
 .group         0x00000000        0x8 C:\Users\Marcus\Dropbox\E7020E (LP3 14-15)\Project\CMSISv2p00_LPC11xx\Debug\libCMSISv2p00_LPC11xx.a(system_LPC11xx.o)
 .group         0x00000000        0x8 C:\Users\Marcus\Dropbox\E7020E (LP3 14-15)\Project\CMSISv2p00_LPC11xx\Debug\libCMSISv2p00_LPC11xx.a(system_LPC11xx.o)
 .group         0x00000000        0x8 C:\Users\Marcus\Dropbox\E7020E (LP3 14-15)\Project\CMSISv2p00_LPC11xx\Debug\libCMSISv2p00_LPC11xx.a(system_LPC11xx.o)
 .group         0x00000000        0x8 C:\Users\Marcus\Dropbox\E7020E (LP3 14-15)\Project\CMSISv2p00_LPC11xx\Debug\libCMSISv2p00_LPC11xx.a(system_LPC11xx.o)
 .group         0x00000000        0x8 C:\Users\Marcus\Dropbox\E7020E (LP3 14-15)\Project\CMSISv2p00_LPC11xx\Debug\libCMSISv2p00_LPC11xx.a(system_LPC11xx.o)
 .text          0x00000000        0x0 C:\Users\Marcus\Dropbox\E7020E (LP3 14-15)\Project\CMSISv2p00_LPC11xx\Debug\libCMSISv2p00_LPC11xx.a(system_LPC11xx.o)
 .data          0x00000000        0x0 C:\Users\Marcus\Dropbox\E7020E (LP3 14-15)\Project\CMSISv2p00_LPC11xx\Debug\libCMSISv2p00_LPC11xx.a(system_LPC11xx.o)
 .bss           0x00000000        0x0 C:\Users\Marcus\Dropbox\E7020E (LP3 14-15)\Project\CMSISv2p00_LPC11xx\Debug\libCMSISv2p00_LPC11xx.a(system_LPC11xx.o)
 .text.SystemCoreClockUpdate
                0x00000000       0xa0 C:\Users\Marcus\Dropbox\E7020E (LP3 14-15)\Project\CMSISv2p00_LPC11xx\Debug\libCMSISv2p00_LPC11xx.a(system_LPC11xx.o)
 .rodata.CSWTCH.7
                0x00000000       0x40 C:\Users\Marcus\Dropbox\E7020E (LP3 14-15)\Project\CMSISv2p00_LPC11xx\Debug\libCMSISv2p00_LPC11xx.a(system_LPC11xx.o)
 .data.SystemCoreClock
                0x00000000        0x4 C:\Users\Marcus\Dropbox\E7020E (LP3 14-15)\Project\CMSISv2p00_LPC11xx\Debug\libCMSISv2p00_LPC11xx.a(system_LPC11xx.o)
 .debug_macro   0x00000000       0x10 C:\Users\Marcus\Dropbox\E7020E (LP3 14-15)\Project\CMSISv2p00_LPC11xx\Debug\libCMSISv2p00_LPC11xx.a(system_LPC11xx.o)
 .debug_macro   0x00000000      0x12d C:\Users\Marcus\Dropbox\E7020E (LP3 14-15)\Project\CMSISv2p00_LPC11xx\Debug\libCMSISv2p00_LPC11xx.a(system_LPC11xx.o)
 .debug_macro   0x00000000      0x5b2 C:\Users\Marcus\Dropbox\E7020E (LP3 14-15)\Project\CMSISv2p00_LPC11xx\Debug\libCMSISv2p00_LPC11xx.a(system_LPC11xx.o)
 .debug_macro   0x00000000       0x1c C:\Users\Marcus\Dropbox\E7020E (LP3 14-15)\Project\CMSISv2p00_LPC11xx\Debug\libCMSISv2p00_LPC11xx.a(system_LPC11xx.o)
 .debug_macro   0x00000000       0x2e C:\Users\Marcus\Dropbox\E7020E (LP3 14-15)\Project\CMSISv2p00_LPC11xx\Debug\libCMSISv2p00_LPC11xx.a(system_LPC11xx.o)
 .debug_macro   0x00000000      0x237 C:\Users\Marcus\Dropbox\E7020E (LP3 14-15)\Project\CMSISv2p00_LPC11xx\Debug\libCMSISv2p00_LPC11xx.a(system_LPC11xx.o)
 .debug_macro   0x00000000      0x131 C:\Users\Marcus\Dropbox\E7020E (LP3 14-15)\Project\CMSISv2p00_LPC11xx\Debug\libCMSISv2p00_LPC11xx.a(system_LPC11xx.o)
 .text          0x00000000        0x0 c:/nxp/lpcxpresso_7.5.0_254/lpcxpresso/tools/bin/../lib/gcc/arm-none-eabi/4.8.4/../../../../arm-none-eabi/lib/armv6-m\libcr_c.a(__weak__main.o)
 .data          0x00000000        0x0 c:/nxp/lpcxpresso_7.5.0_254/lpcxpresso/tools/bin/../lib/gcc/arm-none-eabi/4.8.4/../../../../arm-none-eabi/lib/armv6-m\libcr_c.a(__weak__main.o)
 .bss           0x00000000        0x0 c:/nxp/lpcxpresso_7.5.0_254/lpcxpresso/tools/bin/../lib/gcc/arm-none-eabi/4.8.4/../../../../arm-none-eabi/lib/armv6-m\libcr_c.a(__weak__main.o)
 .text          0x00000000        0x0 c:/nxp/lpcxpresso_7.5.0_254/lpcxpresso/tools/bin/../lib/gcc/arm-none-eabi/4.8.4/armv6-m\libcr_eabihelpers.a(division_32.o)
 .data          0x00000000        0x0 c:/nxp/lpcxpresso_7.5.0_254/lpcxpresso/tools/bin/../lib/gcc/arm-none-eabi/4.8.4/armv6-m\libcr_eabihelpers.a(division_32.o)
 .bss           0x00000000        0x0 c:/nxp/lpcxpresso_7.5.0_254/lpcxpresso/tools/bin/../lib/gcc/arm-none-eabi/4.8.4/armv6-m\libcr_eabihelpers.a(division_32.o)
 .text          0x00000000        0x0 c:/nxp/lpcxpresso_7.5.0_254/lpcxpresso/tools/bin/../lib/gcc/arm-none-eabi/4.8.4/armv6-m\libcr_eabihelpers.a(division_idiv0.o)
 .data          0x00000000        0x0 c:/nxp/lpcxpresso_7.5.0_254/lpcxpresso/tools/bin/../lib/gcc/arm-none-eabi/4.8.4/armv6-m\libcr_eabihelpers.a(division_idiv0.o)
 .bss           0x00000000        0x0 c:/nxp/lpcxpresso_7.5.0_254/lpcxpresso/tools/bin/../lib/gcc/arm-none-eabi/4.8.4/armv6-m\libcr_eabihelpers.a(division_idiv0.o)
 .text          0x00000000        0x0 c:/nxp/lpcxpresso_7.5.0_254/lpcxpresso/tools/bin/../lib/gcc/arm-none-eabi/4.8.4/armv6-m\libcr_eabihelpers.a(float.o)
 .data          0x00000000        0x0 c:/nxp/lpcxpresso_7.5.0_254/lpcxpresso/tools/bin/../lib/gcc/arm-none-eabi/4.8.4/armv6-m\libcr_eabihelpers.a(float.o)
 .bss           0x00000000        0x0 c:/nxp/lpcxpresso_7.5.0_254/lpcxpresso/tools/bin/../lib/gcc/arm-none-eabi/4.8.4/armv6-m\libcr_eabihelpers.a(float.o)
 .text.__aeabi_fmul
                0x00000000       0xc8 c:/nxp/lpcxpresso_7.5.0_254/lpcxpresso/tools/bin/../lib/gcc/arm-none-eabi/4.8.4/armv6-m\libcr_eabihelpers.a(float.o)
 .text.__aeabi_fsub
                0x00000000      0x130 c:/nxp/lpcxpresso_7.5.0_254/lpcxpresso/tools/bin/../lib/gcc/arm-none-eabi/4.8.4/armv6-m\libcr_eabihelpers.a(float.o)
 .text.__aeabi_fadd
                0x00000000       0xb8 c:/nxp/lpcxpresso_7.5.0_254/lpcxpresso/tools/bin/../lib/gcc/arm-none-eabi/4.8.4/armv6-m\libcr_eabihelpers.a(float.o)
 .text.__aeabi_frsub
                0x00000000       0x10 c:/nxp/lpcxpresso_7.5.0_254/lpcxpresso/tools/bin/../lib/gcc/arm-none-eabi/4.8.4/armv6-m\libcr_eabihelpers.a(float.o)
 .text.__aeabi_fneg
                0x00000000        0x8 c:/nxp/lpcxpresso_7.5.0_254/lpcxpresso/tools/bin/../lib/gcc/arm-none-eabi/4.8.4/armv6-m\libcr_eabihelpers.a(float.o)
 .text.__aeabi_f2iz
                0x00000000       0x38 c:/nxp/lpcxpresso_7.5.0_254/lpcxpresso/tools/bin/../lib/gcc/arm-none-eabi/4.8.4/armv6-m\libcr_eabihelpers.a(float.o)
 .text.__aeabi_f2uiz
                0x00000000       0x26 c:/nxp/lpcxpresso_7.5.0_254/lpcxpresso/tools/bin/../lib/gcc/arm-none-eabi/4.8.4/armv6-m\libcr_eabihelpers.a(float.o)
 .text.__aeabi_f2lz
                0x00000000       0x64 c:/nxp/lpcxpresso_7.5.0_254/lpcxpresso/tools/bin/../lib/gcc/arm-none-eabi/4.8.4/armv6-m\libcr_eabihelpers.a(float.o)
 .text.__aeabi_f2ulz
                0x00000000       0x40 c:/nxp/lpcxpresso_7.5.0_254/lpcxpresso/tools/bin/../lib/gcc/arm-none-eabi/4.8.4/armv6-m\libcr_eabihelpers.a(float.o)
 .text.__bhs_ul2f
                0x00000000       0x84 c:/nxp/lpcxpresso_7.5.0_254/lpcxpresso/tools/bin/../lib/gcc/arm-none-eabi/4.8.4/armv6-m\libcr_eabihelpers.a(float.o)
 .text.__aeabi_ui2f
                0x00000000        0xc c:/nxp/lpcxpresso_7.5.0_254/lpcxpresso/tools/bin/../lib/gcc/arm-none-eabi/4.8.4/armv6-m\libcr_eabihelpers.a(float.o)
 .text.__aeabi_l2f
                0x00000000       0x20 c:/nxp/lpcxpresso_7.5.0_254/lpcxpresso/tools/bin/../lib/gcc/arm-none-eabi/4.8.4/armv6-m\libcr_eabihelpers.a(float.o)
 .text.__aeabi_ul2f
                0x00000000        0xc c:/nxp/lpcxpresso_7.5.0_254/lpcxpresso/tools/bin/../lib/gcc/arm-none-eabi/4.8.4/armv6-m\libcr_eabihelpers.a(float.o)
 .text.__aeabi_f2d
                0x00000000       0x3c c:/nxp/lpcxpresso_7.5.0_254/lpcxpresso/tools/bin/../lib/gcc/arm-none-eabi/4.8.4/armv6-m\libcr_eabihelpers.a(float.o)
 .text.__aeabi_fcmpeq
                0x00000000       0x20 c:/nxp/lpcxpresso_7.5.0_254/lpcxpresso/tools/bin/../lib/gcc/arm-none-eabi/4.8.4/armv6-m\libcr_eabihelpers.a(float.o)
 .text.__aeabi_fcmplt
                0x00000000       0x42 c:/nxp/lpcxpresso_7.5.0_254/lpcxpresso/tools/bin/../lib/gcc/arm-none-eabi/4.8.4/armv6-m\libcr_eabihelpers.a(float.o)
 .text.__aeabi_fcmpgt
                0x00000000       0x3c c:/nxp/lpcxpresso_7.5.0_254/lpcxpresso/tools/bin/../lib/gcc/arm-none-eabi/4.8.4/armv6-m\libcr_eabihelpers.a(float.o)
 .text.__aeabi_fcmple
                0x00000000       0x40 c:/nxp/lpcxpresso_7.5.0_254/lpcxpresso/tools/bin/../lib/gcc/arm-none-eabi/4.8.4/armv6-m\libcr_eabihelpers.a(float.o)
 .text.__aeabi_fcmpge
                0x00000000       0x3c c:/nxp/lpcxpresso_7.5.0_254/lpcxpresso/tools/bin/../lib/gcc/arm-none-eabi/4.8.4/armv6-m\libcr_eabihelpers.a(float.o)
 .text.__aeabi_fcmpun
                0x00000000       0x16 c:/nxp/lpcxpresso_7.5.0_254/lpcxpresso/tools/bin/../lib/gcc/arm-none-eabi/4.8.4/armv6-m\libcr_eabihelpers.a(float.o)
 .text.__aeabi_cfcmple
                0x00000000       0x24 c:/nxp/lpcxpresso_7.5.0_254/lpcxpresso/tools/bin/../lib/gcc/arm-none-eabi/4.8.4/armv6-m\libcr_eabihelpers.a(float.o)
 .text.__aeabi_cfrcmple
                0x00000000        0xe c:/nxp/lpcxpresso_7.5.0_254/lpcxpresso/tools/bin/../lib/gcc/arm-none-eabi/4.8.4/armv6-m\libcr_eabihelpers.a(float.o)
 .text          0x00000000        0x0 c:/nxp/lpcxpresso_7.5.0_254/lpcxpresso/tools/bin/../lib/gcc/arm-none-eabi/4.8.4/armv6-m\libcr_eabihelpers.a(llong.o)
 .data          0x00000000        0x0 c:/nxp/lpcxpresso_7.5.0_254/lpcxpresso/tools/bin/../lib/gcc/arm-none-eabi/4.8.4/armv6-m\libcr_eabihelpers.a(llong.o)
 .bss           0x00000000        0x0 c:/nxp/lpcxpresso_7.5.0_254/lpcxpresso/tools/bin/../lib/gcc/arm-none-eabi/4.8.4/armv6-m\libcr_eabihelpers.a(llong.o)
 .text.__aeabi_llong_lmul
                0x00000000       0x2e c:/nxp/lpcxpresso_7.5.0_254/lpcxpresso/tools/bin/../lib/gcc/arm-none-eabi/4.8.4/armv6-m\libcr_eabihelpers.a(llong.o)
 .text.__aeabi_llong_llsl
                0x00000000       0x18 c:/nxp/lpcxpresso_7.5.0_254/lpcxpresso/tools/bin/../lib/gcc/arm-none-eabi/4.8.4/armv6-m\libcr_eabihelpers.a(llong.o)
 .text.__aeabi_llong_llsr
                0x00000000       0x18 c:/nxp/lpcxpresso_7.5.0_254/lpcxpresso/tools/bin/../lib/gcc/arm-none-eabi/4.8.4/armv6-m\libcr_eabihelpers.a(llong.o)
 .text.__aeabi_llong_lasr
                0x00000000       0x18 c:/nxp/lpcxpresso_7.5.0_254/lpcxpresso/tools/bin/../lib/gcc/arm-none-eabi/4.8.4/armv6-m\libcr_eabihelpers.a(llong.o)
 .text.__aeabi_llong_lcmp
                0x00000000       0x14 c:/nxp/lpcxpresso_7.5.0_254/lpcxpresso/tools/bin/../lib/gcc/arm-none-eabi/4.8.4/armv6-m\libcr_eabihelpers.a(llong.o)
 .text.__aeabi_llong_ulcmp
                0x00000000       0x10 c:/nxp/lpcxpresso_7.5.0_254/lpcxpresso/tools/bin/../lib/gcc/arm-none-eabi/4.8.4/armv6-m\libcr_eabihelpers.a(llong.o)
 .ARM.attributes
                0x00000000       0x21 c:/nxp/lpcxpresso_7.5.0_254/lpcxpresso/tools/bin/../lib/gcc/arm-none-eabi/4.8.4/armv6-m\libcr_eabihelpers.a(llong.o)

Memory Configuration

Name             Origin             Length             Attributes
MFlash32         0x00000000         0x00008000         xr
RamLoc8          0x10000000         0x00002000         xrw
*default*        0x00000000         0xffffffff

Linker script and memory map

LOAD ./src/Software.o
LOAD ./src/cr_startup_lpc11xx.o
LOAD ./src/crp.o
LOAD ./src/pwm.o
LOAD ./src/uart.o
LOAD C:\Users\Marcus\Dropbox\E7020E (LP3 14-15)\Project\CMSISv2p00_LPC11xx\Debug\libCMSISv2p00_LPC11xx.a
START GROUP
LOAD c:/nxp/lpcxpresso_7.5.0_254/lpcxpresso/tools/bin/../lib/gcc/arm-none-eabi/4.8.4/../../../../arm-none-eabi/lib/armv6-m\libcr_c.a
LOAD c:/nxp/lpcxpresso_7.5.0_254/lpcxpresso/tools/bin/../lib/gcc/arm-none-eabi/4.8.4/armv6-m\libcr_eabihelpers.a
END GROUP
                0x00008000                __top_MFlash32 = 0x8000
                0x10002000                __top_RamLoc8 = 0x10002000

.text           0x00000000      0xb54
 FILL mask 0xff
                0x00000000                __vectors_start__ = ABSOLUTE (.)
 *(.isr_vector)
 .isr_vector    0x00000000       0xc0 ./src/cr_startup_lpc11xx.o
                0x00000000                g_pfnVectors
                0x000000c0                . = ALIGN (0x4)
                0x000000c0                __section_table_start = .
                0x000000c0                __data_section_table = .
                0x000000c0        0x4 LONG 0xb54 LOADADDR (.data)
                0x000000c4        0x4 LONG 0x10000000 ADDR (.data)
                0x000000c8        0x4 LONG 0x0 SIZEOF (.data)
                0x000000cc                __data_section_table_end = .
                0x000000cc                __bss_section_table = .
                0x000000cc        0x4 LONG 0x10000000 ADDR (.bss)
                0x000000d0        0x4 LONG 0x38 SIZEOF (.bss)
                0x000000d4                __bss_section_table_end = .
                0x000000d4                __section_table_end = .
 *(.after_vectors*)
 .after_vectors
                0x000000d4      0x128 ./src/cr_startup_lpc11xx.o
                0x000000d4                data_init
                0x00000114                bss_init
                0x00000148                ResetISR
                0x000001cc                NMI_Handler
                0x000001d4                HardFault_Handler
                0x000001dc                SVC_Handler
                0x000001e4                PendSV_Handler
                0x000001ec                SysTick_Handler
                0x000001f4                SSP0_IRQHandler
                0x000001f4                TIMER32_1_IRQHandler
                0x000001f4                CAN_IRQHandler
                0x000001f4                IntDefaultHandler
                0x000001f4                SSP1_IRQHandler
                0x000001f4                PIOINT2_IRQHandler
                0x000001f4                BOD_IRQHandler
                0x000001f4                WAKEUP_IRQHandler
                0x000001f4                PIOINT0_IRQHandler
                0x000001f4                I2C_IRQHandler
                0x000001f4                WDT_IRQHandler
                0x000001f4                TIMER16_1_IRQHandler
                0x000001f4                TIMER16_0_IRQHandler
                0x000001f4                PIOINT3_IRQHandler
                0x000002fc                . = 0x2fc
 *fill*         0x000001fc      0x100 ff
                0x000002fc                PROVIDE (__CRP_WORD_START__, .)
 *(.crp)
 .crp           0x000002fc        0x4 ./src/crp.o
                0x000002fc                CRP_WORD
                0x00000300                PROVIDE (__CRP_WORD_END__, .)
                0x00000001                ASSERT (! ((__CRP_WORD_START__ == __CRP_WORD_END__)), Linker CRP Enabled, but no CRP_WORD provided within application)
 *(.text*)
 .text.NVIC_EnableIRQ
                0x00000300       0x2c ./src/Software.o
 .text.NVIC_SetPriority
                0x0000032c       0xe0 ./src/Software.o
 .text.main     0x0000040c      0x200 ./src/Software.o
                0x0000040c                main
 .text.TIMER32_0_IRQHandler
                0x0000060c       0x34 ./src/Software.o
                0x0000060c                TIMER32_0_IRQHandler
 .text.PIOINT1_IRQHandler
                0x00000640       0x20 ./src/Software.o
                0x00000640                PIOINT1_IRQHandler
 .text.ADC_IRQHandler
                0x00000660       0xc4 ./src/Software.o
                0x00000660                ADC_IRQHandler
 .text.uart_init
                0x00000724       0x74 ./src/uart.o
                0x00000724                uart_init
 .text.uart_send
                0x00000798       0x90 ./src/uart.o
                0x00000798                uart_send
 .text.uart_transmit
                0x00000828       0x5c ./src/uart.o
                0x00000828                uart_transmit
 .text.UART_IRQHandler
                0x00000884       0x60 ./src/uart.o
                0x00000884                UART_IRQHandler
 .text.SystemInit
                0x000008e4       0x90 C:\Users\Marcus\Dropbox\E7020E (LP3 14-15)\Project\CMSISv2p00_LPC11xx\Debug\libCMSISv2p00_LPC11xx.a(system_LPC11xx.o)
                0x000008e4                SystemInit
 .text.__weak_main
                0x00000974        0x8 c:/nxp/lpcxpresso_7.5.0_254/lpcxpresso/tools/bin/../lib/gcc/arm-none-eabi/4.8.4/../../../../arm-none-eabi/lib/armv6-m\libcr_c.a(__weak__main.o)
                0x00000974                __weak_main
                0x00000974                __main
 .text.__aeabi_division_idivmod
                0x0000097c       0x78 c:/nxp/lpcxpresso_7.5.0_254/lpcxpresso/tools/bin/../lib/gcc/arm-none-eabi/4.8.4/armv6-m\libcr_eabihelpers.a(division_32.o)
                0x0000097c                __aeabi_idivmod
                0x0000097c                __aeabi_idiv
                0x00000982                __aeabi_uidivmod
                0x00000982                __aeabi_uidiv
 .text.__aeabi_division_idiv0
                0x000009f4        0x2 c:/nxp/lpcxpresso_7.5.0_254/lpcxpresso/tools/bin/../lib/gcc/arm-none-eabi/4.8.4/armv6-m\libcr_eabihelpers.a(division_idiv0.o)
                0x000009f4                __aeabi_idiv0
 *fill*         0x000009f6        0x2 
 .text.__aeabi_fdiv
                0x000009f8       0xe0 c:/nxp/lpcxpresso_7.5.0_254/lpcxpresso/tools/bin/../lib/gcc/arm-none-eabi/4.8.4/armv6-m\libcr_eabihelpers.a(float.o)
                0x000009f8                __aeabi_fdiv
 .text.__bhs_ui2f
                0x00000ad8       0x60 c:/nxp/lpcxpresso_7.5.0_254/lpcxpresso/tools/bin/../lib/gcc/arm-none-eabi/4.8.4/armv6-m\libcr_eabihelpers.a(float.o)
                0x00000ad8                __bhs_ui2f
 .text.__aeabi_i2f
                0x00000b38       0x16 c:/nxp/lpcxpresso_7.5.0_254/lpcxpresso/tools/bin/../lib/gcc/arm-none-eabi/4.8.4/armv6-m\libcr_eabihelpers.a(float.o)
                0x00000b38                __aeabi_i2f
 *(.rodata .rodata.* .constdata .constdata.*)
 *fill*         0x00000b4e        0x2 
 .rodata        0x00000b50        0x4 ./src/uart.o
                0x00000b54                . = ALIGN (0x4)

.glue_7         0x00000b54        0x0
 .glue_7        0x00000000        0x0 linker stubs

.glue_7t        0x00000b54        0x0
 .glue_7t       0x00000000        0x0 linker stubs

.vfp11_veneer   0x00000b54        0x0
 .vfp11_veneer  0x00000000        0x0 linker stubs

.v4_bx          0x00000b54        0x0
 .v4_bx         0x00000000        0x0 linker stubs

.iplt           0x00000b54        0x0
 .iplt          0x00000000        0x0 ./src/Software.o

.rel.dyn        0x00000b54        0x0
 .rel.iplt      0x00000000        0x0 ./src/Software.o

.ARM.extab
 *(.ARM.extab* .gnu.linkonce.armextab.*)
                0x00000b54                __exidx_start = .

.ARM.exidx
 *(.ARM.exidx* .gnu.linkonce.armexidx.*)
                0x00000b54                __exidx_end = .
                0x00000b54                _etext = .

.uninit_RESERVED
                0x10000000        0x0
 *(.bss.$RESERVED*)
                0x10000000                . = ALIGN (0x4)
                0x10000000                _end_uninit_RESERVED = .

.data           0x10000000        0x0 load address 0x00000b54
 FILL mask 0xff
                0x10000000                _data = .
 *(vtable)
 *(.ramfunc*)
 *(.data*)
                0x10000000                . = ALIGN (0x4)
                0x10000000                _edata = .

.igot.plt       0x10000000        0x0 load address 0x00000b54
 .igot.plt      0x00000000        0x0 ./src/Software.o

.bss            0x10000000       0x38 load address 0x00000b54
                0x10000000                _bss = .
 *(.bss*)
 .bss.voltage   0x10000000        0x4 ./src/Software.o
                0x10000000                voltage
 .bss.k         0x10000004        0x4 ./src/Software.o
                0x10000004                k
 .bss.sum       0x10000008        0x4 ./src/Software.o
                0x10000008                sum
 .bss.uart_tx_buf_start
                0x1000000c        0x4 ./src/uart.o
                0x1000000c                uart_tx_buf_start
 .bss.uart_tx_buf_end
                0x10000010        0x4 ./src/uart.o
                0x10000010                uart_tx_buf_end
 .bss.uart_tx_active
                0x10000014        0x4 ./src/uart.o
                0x10000014                uart_tx_active
 *(COMMON)
 COMMON         0x10000018       0x20 ./src/uart.o
                0x10000018                uart_tx_buf
                0x10000038                . = ALIGN (0x4)
                0x10000038                _ebss = .
                0x10000038                PROVIDE (end, .)

.noinit         0x10000038        0x0 load address 0x00000b54
                0x10000038                _noinit = .
 *(.noinit*)
                0x10000038                . = ALIGN (0x4)
                0x10000038                _end_noinit = .
                0x10000038                PROVIDE (_pvHeapStart, DEFINED (__user_heap_base)?__user_heap_base:.)
                0x10002000                PROVIDE (_vStackTop, DEFINED (__user_stack_top)?__user_stack_top:(__top_RamLoc8 - 0x0))
OUTPUT(Software.axf elf32-littlearm)

.debug_info     0x00000000     0x1c88
 .debug_info    0x00000000      0xd02 ./src/Software.o
 .debug_info    0x00000d02      0x1fe ./src/cr_startup_lpc11xx.o
 .debug_info    0x00000f00       0x3f ./src/crp.o
 .debug_info    0x00000f3f      0x8f3 ./src/uart.o
 .debug_info    0x00001832      0x456 C:\Users\Marcus\Dropbox\E7020E (LP3 14-15)\Project\CMSISv2p00_LPC11xx\Debug\libCMSISv2p00_LPC11xx.a(system_LPC11xx.o)

.debug_abbrev   0x00000000      0x617
 .debug_abbrev  0x00000000      0x26c ./src/Software.o
 .debug_abbrev  0x0000026c       0xe6 ./src/cr_startup_lpc11xx.o
 .debug_abbrev  0x00000352       0x36 ./src/crp.o
 .debug_abbrev  0x00000388      0x189 ./src/uart.o
 .debug_abbrev  0x00000511      0x106 C:\Users\Marcus\Dropbox\E7020E (LP3 14-15)\Project\CMSISv2p00_LPC11xx\Debug\libCMSISv2p00_LPC11xx.a(system_LPC11xx.o)

.debug_aranges  0x00000000      0x128
 .debug_aranges
                0x00000000       0x50 ./src/Software.o
 .debug_aranges
                0x00000050       0x60 ./src/cr_startup_lpc11xx.o
 .debug_aranges
                0x000000b0       0x18 ./src/crp.o
 .debug_aranges
                0x000000c8       0x38 ./src/uart.o
 .debug_aranges
                0x00000100       0x28 C:\Users\Marcus\Dropbox\E7020E (LP3 14-15)\Project\CMSISv2p00_LPC11xx\Debug\libCMSISv2p00_LPC11xx.a(system_LPC11xx.o)

.debug_ranges   0x00000000       0xd0
 .debug_ranges  0x00000000       0x40 ./src/Software.o
 .debug_ranges  0x00000040       0x50 ./src/cr_startup_lpc11xx.o
 .debug_ranges  0x00000090       0x28 ./src/uart.o
 .debug_ranges  0x000000b8       0x18 C:\Users\Marcus\Dropbox\E7020E (LP3 14-15)\Project\CMSISv2p00_LPC11xx\Debug\libCMSISv2p00_LPC11xx.a(system_LPC11xx.o)

.debug_macro    0x00000000     0x1e54
 .debug_macro   0x00000000       0xa5 ./src/Software.o
 .debug_macro   0x000000a5      0x820 ./src/Software.o
 .debug_macro   0x000008c5       0x1c ./src/Software.o
 .debug_macro   0x000008e1       0x2e ./src/Software.o
 .debug_macro   0x0000090f       0x10 ./src/Software.o
 .debug_macro   0x0000091f      0x12d ./src/Software.o
 .debug_macro   0x00000a4c      0x5b2 ./src/Software.o
 .debug_macro   0x00000ffe      0x237 ./src/Software.o
 .debug_macro   0x00001235      0x131 ./src/Software.o
 .debug_macro   0x00001366       0x82 ./src/Software.o
 .debug_macro   0x000013e8       0x10 ./src/Software.o
 .debug_macro   0x000013f8       0x16 ./src/Software.o
 .debug_macro   0x0000140e       0x1d ./src/cr_startup_lpc11xx.o
 .debug_macro   0x0000142b       0x1a ./src/crp.o
 .debug_macro   0x00001445       0x34 ./src/crp.o
 .debug_macro   0x00001479       0x86 ./src/uart.o
 .debug_macro   0x000014ff      0x13b C:\Users\Marcus\Dropbox\E7020E (LP3 14-15)\Project\CMSISv2p00_LPC11xx\Debug\libCMSISv2p00_LPC11xx.a(system_LPC11xx.o)
 .debug_macro   0x0000163a      0x81a C:\Users\Marcus\Dropbox\E7020E (LP3 14-15)\Project\CMSISv2p00_LPC11xx\Debug\libCMSISv2p00_LPC11xx.a(system_LPC11xx.o)

.debug_line     0x00000000      0x7ed
 .debug_line    0x00000000      0x2e1 ./src/Software.o
 .debug_line    0x000002e1       0xc2 ./src/cr_startup_lpc11xx.o
 .debug_line    0x000003a3       0x78 ./src/crp.o
 .debug_line    0x0000041b      0x20b ./src/uart.o
 .debug_line    0x00000626      0x1c7 C:\Users\Marcus\Dropbox\E7020E (LP3 14-15)\Project\CMSISv2p00_LPC11xx\Debug\libCMSISv2p00_LPC11xx.a(system_LPC11xx.o)

.debug_str      0x00000000     0x6309
 .debug_str     0x00000000     0x5b3a ./src/Software.o
                               0x5bc2 (size before relaxing)
 .debug_str     0x00005b3a      0x178 ./src/cr_startup_lpc11xx.o
                               0x247c (size before relaxing)
 .debug_str     0x00005cb2       0xe9 ./src/crp.o
                               0x23de (size before relaxing)
 .debug_str     0x00005d9b       0xb8 ./src/uart.o
                               0x54b7 (size before relaxing)
 .debug_str     0x00005e53      0x4b6 C:\Users\Marcus\Dropbox\E7020E (LP3 14-15)\Project\CMSISv2p00_LPC11xx\Debug\libCMSISv2p00_LPC11xx.a(system_LPC11xx.o)
                               0x5597 (size before relaxing)

.comment        0x00000000       0xe0
 .comment       0x00000000       0x70 ./src/Software.o
                                 0x71 (size before relaxing)
 .comment       0x00000000       0x71 ./src/cr_startup_lpc11xx.o
 .comment       0x00000000       0x71 ./src/crp.o
 .comment       0x00000000       0x71 ./src/uart.o
 .comment       0x00000000       0x71 C:\Users\Marcus\Dropbox\E7020E (LP3 14-15)\Project\CMSISv2p00_LPC11xx\Debug\libCMSISv2p00_LPC11xx.a(system_LPC11xx.o)
 .comment       0x00000070       0x70 c:/nxp/lpcxpresso_7.5.0_254/lpcxpresso/tools/bin/../lib/gcc/arm-none-eabi/4.8.4/../../../../arm-none-eabi/lib/armv6-m\libcr_c.a(__weak__main.o)
                                 0x71 (size before relaxing)
 .comment       0x00000000       0x71 c:/nxp/lpcxpresso_7.5.0_254/lpcxpresso/tools/bin/../lib/gcc/arm-none-eabi/4.8.4/armv6-m\libcr_eabihelpers.a(float.o)

.ARM.attributes
                0x00000000       0x2f
 .ARM.attributes
                0x00000000       0x31 ./src/Software.o
 .ARM.attributes
                0x00000031       0x31 ./src/cr_startup_lpc11xx.o
 .ARM.attributes
                0x00000062       0x31 ./src/crp.o
 .ARM.attributes
                0x00000093       0x31 ./src/uart.o
 .ARM.attributes
                0x000000c4       0x31 C:\Users\Marcus\Dropbox\E7020E (LP3 14-15)\Project\CMSISv2p00_LPC11xx\Debug\libCMSISv2p00_LPC11xx.a(system_LPC11xx.o)
 .ARM.attributes
                0x000000f5       0x31 c:/nxp/lpcxpresso_7.5.0_254/lpcxpresso/tools/bin/../lib/gcc/arm-none-eabi/4.8.4/../../../../arm-none-eabi/lib/armv6-m\libcr_c.a(__weak__main.o)
 .ARM.attributes
                0x00000126       0x21 c:/nxp/lpcxpresso_7.5.0_254/lpcxpresso/tools/bin/../lib/gcc/arm-none-eabi/4.8.4/armv6-m\libcr_eabihelpers.a(division_32.o)
 .ARM.attributes
                0x00000147       0x21 c:/nxp/lpcxpresso_7.5.0_254/lpcxpresso/tools/bin/../lib/gcc/arm-none-eabi/4.8.4/armv6-m\libcr_eabihelpers.a(division_idiv0.o)
 .ARM.attributes
                0x00000168       0x31 c:/nxp/lpcxpresso_7.5.0_254/lpcxpresso/tools/bin/../lib/gcc/arm-none-eabi/4.8.4/armv6-m\libcr_eabihelpers.a(float.o)

.debug_frame    0x00000000      0x2d0
 .debug_frame   0x00000000       0xec ./src/Software.o
 .debug_frame   0x000000ec      0x118 ./src/cr_startup_lpc11xx.o
 .debug_frame   0x00000204       0x88 ./src/uart.o
 .debug_frame   0x0000028c       0x44 C:\Users\Marcus\Dropbox\E7020E (LP3 14-15)\Project\CMSISv2p00_LPC11xx\Debug\libCMSISv2p00_LPC11xx.a(system_LPC11xx.o)

.debug_loc      0x00000000       0x84
 .debug_loc     0x00000000       0x84 C:\Users\Marcus\Dropbox\E7020E (LP3 14-15)\Project\CMSISv2p00_LPC11xx\Debug\libCMSISv2p00_LPC11xx.a(system_LPC11xx.o)
