Archive member included because of file (symbol)

C:\Users\Marcus\Dropbox\E7020E (LP3 14-15)\Project\CMSISv2p00_LPC11xx\Debug\libCMSISv2p00_LPC11xx.a(system_LPC11xx.o)
                              ./src/cr_startup_lpc11xx.o (SystemInit)
c:/nxp/lpcxpresso_7.5.0_254/lpcxpresso/tools/bin/../lib/gcc/arm-none-eabi/4.8.4/../../../../arm-none-eabi/lib/armv6-m\libcr_c.a(__weak__main.o)
                              ./src/cr_startup_lpc11xx.o (__main)
c:/nxp/lpcxpresso_7.5.0_254/lpcxpresso/tools/bin/../lib/gcc/arm-none-eabi/4.8.4/armv6-m\libcr_eabihelpers.a(division_32.o)
                              ./src/Software.o (__aeabi_idiv)
c:/nxp/lpcxpresso_7.5.0_254/lpcxpresso/tools/bin/../lib/gcc/arm-none-eabi/4.8.4/armv6-m\libcr_eabihelpers.a(division_idiv0.o)
                              c:/nxp/lpcxpresso_7.5.0_254/lpcxpresso/tools/bin/../lib/gcc/arm-none-eabi/4.8.4/armv6-m\libcr_eabihelpers.a(division_32.o) (__aeabi_idiv0)
c:/nxp/lpcxpresso_7.5.0_254/lpcxpresso/tools/bin/../lib/gcc/arm-none-eabi/4.8.4/armv6-m\libcr_eabihelpers.a(float.o)
                              ./src/Software.o (__aeabi_fdiv)
c:/nxp/lpcxpresso_7.5.0_254/lpcxpresso/tools/bin/../lib/gcc/arm-none-eabi/4.8.4/armv6-m\libcr_eabihelpers.a(llong.o)
                              c:/nxp/lpcxpresso_7.5.0_254/lpcxpresso/tools/bin/../lib/gcc/arm-none-eabi/4.8.4/armv6-m\libcr_eabihelpers.a(float.o) (__aeabi_lmul)

Allocating common symbols
Common symbol       size              file

uart_tx_buf         0x20              ./src/uart.o
string              0x10              ./src/Software.o

Discarded input sections

 .group         0x00000000        0x8 ./src/Software.o
 .group         0x00000000        0x8 ./src/Software.o
 .group         0x00000000        0x8 ./src/Software.o
 .group         0x00000000        0x8 ./src/Software.o
 .group         0x00000000        0x8 ./src/Software.o
 .group         0x00000000        0x8 ./src/Software.o
 .group         0x00000000        0x8 ./src/Software.o
 .group         0x00000000        0x8 ./src/Software.o
 .group         0x00000000        0x8 ./src/Software.o
 .group         0x00000000        0x8 ./src/Software.o
 .text          0x00000000        0x0 ./src/Software.o
 .data          0x00000000        0x0 ./src/Software.o
 .bss           0x00000000        0x0 ./src/Software.o
 .bss.temp      0x00000000        0x4 ./src/Software.o
 .group         0x00000000        0x8 ./src/cr_startup_lpc11xx.o
 .text          0x00000000        0x0 ./src/cr_startup_lpc11xx.o
 .data          0x00000000        0x0 ./src/cr_startup_lpc11xx.o
 .bss           0x00000000        0x0 ./src/cr_startup_lpc11xx.o
 .debug_macro   0x00000000      0x820 ./src/cr_startup_lpc11xx.o
 .group         0x00000000        0x8 ./src/crp.o
 .group         0x00000000        0x8 ./src/crp.o
 .text          0x00000000        0x0 ./src/crp.o
 .data          0x00000000        0x0 ./src/crp.o
 .bss           0x00000000        0x0 ./src/crp.o
 .debug_macro   0x00000000      0x820 ./src/crp.o
 .group         0x00000000        0x8 ./src/pwm.o
 .group         0x00000000        0x8 ./src/pwm.o
 .group         0x00000000        0x8 ./src/pwm.o
 .group         0x00000000        0x8 ./src/pwm.o
 .group         0x00000000        0x8 ./src/pwm.o
 .group         0x00000000        0x8 ./src/pwm.o
 .group         0x00000000        0x8 ./src/pwm.o
 .group         0x00000000        0x8 ./src/pwm.o
 .group         0x00000000        0x8 ./src/pwm.o
 .group         0x00000000        0x8 ./src/pwm.o
 .text          0x00000000        0x0 ./src/pwm.o
 .data          0x00000000        0x0 ./src/pwm.o
 .bss           0x00000000        0x0 ./src/pwm.o
 .text.pwm_init
                0x00000000       0xc0 ./src/pwm.o
 .text.pwm_red  0x00000000       0x34 ./src/pwm.o
 .text.pwm_green
                0x00000000       0x34 ./src/pwm.o
 .text.pwm_blue
                0x00000000       0x34 ./src/pwm.o
 .debug_info    0x00000000      0x80c ./src/pwm.o
 .debug_abbrev  0x00000000      0x121 ./src/pwm.o
 .debug_aranges
                0x00000000       0x38 ./src/pwm.o
 .debug_ranges  0x00000000       0x28 ./src/pwm.o
 .debug_macro   0x00000000       0x98 ./src/pwm.o
 .debug_macro   0x00000000      0x820 ./src/pwm.o
 .debug_macro   0x00000000       0x1c ./src/pwm.o
 .debug_macro   0x00000000       0x2e ./src/pwm.o
 .debug_macro   0x00000000       0x10 ./src/pwm.o
 .debug_macro   0x00000000      0x12d ./src/pwm.o
 .debug_macro   0x00000000      0x5b2 ./src/pwm.o
 .debug_macro   0x00000000      0x237 ./src/pwm.o
 .debug_macro   0x00000000      0x131 ./src/pwm.o
 .debug_macro   0x00000000       0x82 ./src/pwm.o
 .debug_macro   0x00000000       0x16 ./src/pwm.o
 .debug_line    0x00000000      0x256 ./src/pwm.o
 .debug_str     0x00000000     0x58c3 ./src/pwm.o
 .comment       0x00000000       0x71 ./src/pwm.o
 .ARM.attributes
                0x00000000       0x31 ./src/pwm.o
 .debug_frame   0x00000000       0x8c ./src/pwm.o
 .group         0x00000000        0x8 ./src/uart.o
 .text          0x00000000        0x0 ./src/uart.o
 .data          0x00000000        0x0 ./src/uart.o
 .bss           0x00000000        0x0 ./src/uart.o
 .bss.uart_tx_buf_start
                0x00000000        0x4 ./src/uart.o
 .bss.uart_tx_buf_end
                0x00000000        0x4 ./src/uart.o
 .bss.uart_tx_active
                0x00000000        0x4 ./src/uart.o
 .text.uart_send
                0x00000000       0x90 ./src/uart.o
 .text.uart_transmit
                0x00000000       0x28 ./src/uart.o
 .debug_info    0x00000000       0xec ./src/uart.o
 .debug_abbrev  0x00000000       0xa9 ./src/uart.o
 .debug_aranges
                0x00000000       0x28 ./src/uart.o
 .debug_ranges  0x00000000       0x18 ./src/uart.o
 .debug_macro   0x00000000       0x17 ./src/uart.o
 .debug_macro   0x00000000      0x820 ./src/uart.o
 .debug_line    0x00000000       0x70 ./src/uart.o
 .debug_str     0x00000000     0x236d ./src/uart.o
 .comment       0x00000000       0x71 ./src/uart.o
 .ARM.attributes
                0x00000000       0x31 ./src/uart.o
 .debug_frame   0x00000000       0x4c ./src/uart.o
 COMMON         0x00000000       0x20 ./src/uart.o
 .group         0x00000000        0x8 C:\Users\Marcus\Dropbox\E7020E (LP3 14-15)\Project\CMSISv2p00_LPC11xx\Debug\libCMSISv2p00_LPC11xx.a(system_LPC11xx.o)
 .group         0x00000000        0x8 C:\Users\Marcus\Dropbox\E7020E (LP3 14-15)\Project\CMSISv2p00_LPC11xx\Debug\libCMSISv2p00_LPC11xx.a(system_LPC11xx.o)
 .group         0x00000000        0x8 C:\Users\Marcus\Dropbox\E7020E (LP3 14-15)\Project\CMSISv2p00_LPC11xx\Debug\libCMSISv2p00_LPC11xx.a(system_LPC11xx.o)
 .group         0x00000000        0x8 C:\Users\Marcus\Dropbox\E7020E (LP3 14-15)\Project\CMSISv2p00_LPC11xx\Debug\libCMSISv2p00_LPC11xx.a(system_LPC11xx.o)
 .group         0x00000000        0x8 C:\Users\Marcus\Dropbox\E7020E (LP3 14-15)\Project\CMSISv2p00_LPC11xx\Debug\libCMSISv2p00_LPC11xx.a(system_LPC11xx.o)
 .group         0x00000000        0x8 C:\Users\Marcus\Dropbox\E7020E (LP3 14-15)\Project\CMSISv2p00_LPC11xx\Debug\libCMSISv2p00_LPC11xx.a(system_LPC11xx.o)
 .group         0x00000000        0x8 C:\Users\Marcus\Dropbox\E7020E (LP3 14-15)\Project\CMSISv2p00_LPC11xx\Debug\libCMSISv2p00_LPC11xx.a(system_LPC11xx.o)
 .group         0x00000000        0x8 C:\Users\Marcus\Dropbox\E7020E (LP3 14-15)\Project\CMSISv2p00_LPC11xx\Debug\libCMSISv2p00_LPC11xx.a(system_LPC11xx.o)
 .text          0x00000000        0x0 C:\Users\Marcus\Dropbox\E7020E (LP3 14-15)\Project\CMSISv2p00_LPC11xx\Debug\libCMSISv2p00_LPC11xx.a(system_LPC11xx.o)
 .data          0x00000000        0x0 C:\Users\Marcus\Dropbox\E7020E (LP3 14-15)\Project\CMSISv2p00_LPC11xx\Debug\libCMSISv2p00_LPC11xx.a(system_LPC11xx.o)
 .bss           0x00000000        0x0 C:\Users\Marcus\Dropbox\E7020E (LP3 14-15)\Project\CMSISv2p00_LPC11xx\Debug\libCMSISv2p00_LPC11xx.a(system_LPC11xx.o)
 .text.SystemCoreClockUpdate
                0x00000000       0xa0 C:\Users\Marcus\Dropbox\E7020E (LP3 14-15)\Project\CMSISv2p00_LPC11xx\Debug\libCMSISv2p00_LPC11xx.a(system_LPC11xx.o)
 .rodata.CSWTCH.7
                0x00000000       0x40 C:\Users\Marcus\Dropbox\E7020E (LP3 14-15)\Project\CMSISv2p00_LPC11xx\Debug\libCMSISv2p00_LPC11xx.a(system_LPC11xx.o)
 .data.SystemCoreClock
                0x00000000        0x4 C:\Users\Marcus\Dropbox\E7020E (LP3 14-15)\Project\CMSISv2p00_LPC11xx\Debug\libCMSISv2p00_LPC11xx.a(system_LPC11xx.o)
 .debug_macro   0x00000000       0x10 C:\Users\Marcus\Dropbox\E7020E (LP3 14-15)\Project\CMSISv2p00_LPC11xx\Debug\libCMSISv2p00_LPC11xx.a(system_LPC11xx.o)
 .debug_macro   0x00000000      0x12d C:\Users\Marcus\Dropbox\E7020E (LP3 14-15)\Project\CMSISv2p00_LPC11xx\Debug\libCMSISv2p00_LPC11xx.a(system_LPC11xx.o)
 .debug_macro   0x00000000      0x5b2 C:\Users\Marcus\Dropbox\E7020E (LP3 14-15)\Project\CMSISv2p00_LPC11xx\Debug\libCMSISv2p00_LPC11xx.a(system_LPC11xx.o)
 .debug_macro   0x00000000       0x1c C:\Users\Marcus\Dropbox\E7020E (LP3 14-15)\Project\CMSISv2p00_LPC11xx\Debug\libCMSISv2p00_LPC11xx.a(system_LPC11xx.o)
 .debug_macro   0x00000000       0x2e C:\Users\Marcus\Dropbox\E7020E (LP3 14-15)\Project\CMSISv2p00_LPC11xx\Debug\libCMSISv2p00_LPC11xx.a(system_LPC11xx.o)
 .debug_macro   0x00000000      0x237 C:\Users\Marcus\Dropbox\E7020E (LP3 14-15)\Project\CMSISv2p00_LPC11xx\Debug\libCMSISv2p00_LPC11xx.a(system_LPC11xx.o)
 .debug_macro   0x00000000      0x131 C:\Users\Marcus\Dropbox\E7020E (LP3 14-15)\Project\CMSISv2p00_LPC11xx\Debug\libCMSISv2p00_LPC11xx.a(system_LPC11xx.o)
 .text          0x00000000        0x0 c:/nxp/lpcxpresso_7.5.0_254/lpcxpresso/tools/bin/../lib/gcc/arm-none-eabi/4.8.4/../../../../arm-none-eabi/lib/armv6-m\libcr_c.a(__weak__main.o)
 .data          0x00000000        0x0 c:/nxp/lpcxpresso_7.5.0_254/lpcxpresso/tools/bin/../lib/gcc/arm-none-eabi/4.8.4/../../../../arm-none-eabi/lib/armv6-m\libcr_c.a(__weak__main.o)
 .bss           0x00000000        0x0 c:/nxp/lpcxpresso_7.5.0_254/lpcxpresso/tools/bin/../lib/gcc/arm-none-eabi/4.8.4/../../../../arm-none-eabi/lib/armv6-m\libcr_c.a(__weak__main.o)
 .text          0x00000000        0x0 c:/nxp/lpcxpresso_7.5.0_254/lpcxpresso/tools/bin/../lib/gcc/arm-none-eabi/4.8.4/armv6-m\libcr_eabihelpers.a(division_32.o)
 .data          0x00000000        0x0 c:/nxp/lpcxpresso_7.5.0_254/lpcxpresso/tools/bin/../lib/gcc/arm-none-eabi/4.8.4/armv6-m\libcr_eabihelpers.a(division_32.o)
 .bss           0x00000000        0x0 c:/nxp/lpcxpresso_7.5.0_254/lpcxpresso/tools/bin/../lib/gcc/arm-none-eabi/4.8.4/armv6-m\libcr_eabihelpers.a(division_32.o)
 .text          0x00000000        0x0 c:/nxp/lpcxpresso_7.5.0_254/lpcxpresso/tools/bin/../lib/gcc/arm-none-eabi/4.8.4/armv6-m\libcr_eabihelpers.a(division_idiv0.o)
 .data          0x00000000        0x0 c:/nxp/lpcxpresso_7.5.0_254/lpcxpresso/tools/bin/../lib/gcc/arm-none-eabi/4.8.4/armv6-m\libcr_eabihelpers.a(division_idiv0.o)
 .bss           0x00000000        0x0 c:/nxp/lpcxpresso_7.5.0_254/lpcxpresso/tools/bin/../lib/gcc/arm-none-eabi/4.8.4/armv6-m\libcr_eabihelpers.a(division_idiv0.o)
 .text          0x00000000        0x0 c:/nxp/lpcxpresso_7.5.0_254/lpcxpresso/tools/bin/../lib/gcc/arm-none-eabi/4.8.4/armv6-m\libcr_eabihelpers.a(float.o)
 .data          0x00000000        0x0 c:/nxp/lpcxpresso_7.5.0_254/lpcxpresso/tools/bin/../lib/gcc/arm-none-eabi/4.8.4/armv6-m\libcr_eabihelpers.a(float.o)
 .bss           0x00000000        0x0 c:/nxp/lpcxpresso_7.5.0_254/lpcxpresso/tools/bin/../lib/gcc/arm-none-eabi/4.8.4/armv6-m\libcr_eabihelpers.a(float.o)
 .text.__aeabi_fmul
                0x00000000       0xc8 c:/nxp/lpcxpresso_7.5.0_254/lpcxpresso/tools/bin/../lib/gcc/arm-none-eabi/4.8.4/armv6-m\libcr_eabihelpers.a(float.o)
 .text.__aeabi_fsub
                0x00000000      0x130 c:/nxp/lpcxpresso_7.5.0_254/lpcxpresso/tools/bin/../lib/gcc/arm-none-eabi/4.8.4/armv6-m\libcr_eabihelpers.a(float.o)
 .text.__aeabi_fadd
                0x00000000       0xb8 c:/nxp/lpcxpresso_7.5.0_254/lpcxpresso/tools/bin/../lib/gcc/arm-none-eabi/4.8.4/armv6-m\libcr_eabihelpers.a(float.o)
 .text.__aeabi_frsub
                0x00000000       0x10 c:/nxp/lpcxpresso_7.5.0_254/lpcxpresso/tools/bin/../lib/gcc/arm-none-eabi/4.8.4/armv6-m\libcr_eabihelpers.a(float.o)
 .text.__aeabi_fneg
                0x00000000        0x8 c:/nxp/lpcxpresso_7.5.0_254/lpcxpresso/tools/bin/../lib/gcc/arm-none-eabi/4.8.4/armv6-m\libcr_eabihelpers.a(float.o)
 .text.__aeabi_f2iz
                0x00000000       0x38 c:/nxp/lpcxpresso_7.5.0_254/lpcxpresso/tools/bin/../lib/gcc/arm-none-eabi/4.8.4/armv6-m\libcr_eabihelpers.a(float.o)
 .text.__aeabi_f2uiz
                0x00000000       0x26 c:/nxp/lpcxpresso_7.5.0_254/lpcxpresso/tools/bin/../lib/gcc/arm-none-eabi/4.8.4/armv6-m\libcr_eabihelpers.a(float.o)
 .text.__aeabi_f2lz
                0x00000000       0x64 c:/nxp/lpcxpresso_7.5.0_254/lpcxpresso/tools/bin/../lib/gcc/arm-none-eabi/4.8.4/armv6-m\libcr_eabihelpers.a(float.o)
 .text.__aeabi_f2ulz
                0x00000000       0x40 c:/nxp/lpcxpresso_7.5.0_254/lpcxpresso/tools/bin/../lib/gcc/arm-none-eabi/4.8.4/armv6-m\libcr_eabihelpers.a(float.o)
 .text.__bhs_ul2f
                0x00000000       0x84 c:/nxp/lpcxpresso_7.5.0_254/lpcxpresso/tools/bin/../lib/gcc/arm-none-eabi/4.8.4/armv6-m\libcr_eabihelpers.a(float.o)
 .text.__aeabi_ui2f
                0x00000000        0xc c:/nxp/lpcxpresso_7.5.0_254/lpcxpresso/tools/bin/../lib/gcc/arm-none-eabi/4.8.4/armv6-m\libcr_eabihelpers.a(float.o)
 .text.__aeabi_l2f
                0x00000000       0x20 c:/nxp/lpcxpresso_7.5.0_254/lpcxpresso/tools/bin/../lib/gcc/arm-none-eabi/4.8.4/armv6-m\libcr_eabihelpers.a(float.o)
 .text.__aeabi_ul2f
                0x00000000        0xc c:/nxp/lpcxpresso_7.5.0_254/lpcxpresso/tools/bin/../lib/gcc/arm-none-eabi/4.8.4/armv6-m\libcr_eabihelpers.a(float.o)
 .text.__aeabi_f2d
                0x00000000       0x3c c:/nxp/lpcxpresso_7.5.0_254/lpcxpresso/tools/bin/../lib/gcc/arm-none-eabi/4.8.4/armv6-m\libcr_eabihelpers.a(float.o)
 .text.__aeabi_fcmpeq
                0x00000000       0x20 c:/nxp/lpcxpresso_7.5.0_254/lpcxpresso/tools/bin/../lib/gcc/arm-none-eabi/4.8.4/armv6-m\libcr_eabihelpers.a(float.o)
 .text.__aeabi_fcmplt
                0x00000000       0x42 c:/nxp/lpcxpresso_7.5.0_254/lpcxpresso/tools/bin/../lib/gcc/arm-none-eabi/4.8.4/armv6-m\libcr_eabihelpers.a(float.o)
 .text.__aeabi_fcmpgt
                0x00000000       0x3c c:/nxp/lpcxpresso_7.5.0_254/lpcxpresso/tools/bin/../lib/gcc/arm-none-eabi/4.8.4/armv6-m\libcr_eabihelpers.a(float.o)
 .text.__aeabi_fcmple
                0x00000000       0x40 c:/nxp/lpcxpresso_7.5.0_254/lpcxpresso/tools/bin/../lib/gcc/arm-none-eabi/4.8.4/armv6-m\libcr_eabihelpers.a(float.o)
 .text.__aeabi_fcmpge
                0x00000000       0x3c c:/nxp/lpcxpresso_7.5.0_254/lpcxpresso/tools/bin/../lib/gcc/arm-none-eabi/4.8.4/armv6-m\libcr_eabihelpers.a(float.o)
 .text.__aeabi_fcmpun
                0x00000000       0x16 c:/nxp/lpcxpresso_7.5.0_254/lpcxpresso/tools/bin/../lib/gcc/arm-none-eabi/4.8.4/armv6-m\libcr_eabihelpers.a(float.o)
 .text.__aeabi_cfcmple
                0x00000000       0x24 c:/nxp/lpcxpresso_7.5.0_254/lpcxpresso/tools/bin/../lib/gcc/arm-none-eabi/4.8.4/armv6-m\libcr_eabihelpers.a(float.o)
 .text.__aeabi_cfrcmple
                0x00000000        0xe c:/nxp/lpcxpresso_7.5.0_254/lpcxpresso/tools/bin/../lib/gcc/arm-none-eabi/4.8.4/armv6-m\libcr_eabihelpers.a(float.o)
 .text          0x00000000        0x0 c:/nxp/lpcxpresso_7.5.0_254/lpcxpresso/tools/bin/../lib/gcc/arm-none-eabi/4.8.4/armv6-m\libcr_eabihelpers.a(llong.o)
 .data          0x00000000        0x0 c:/nxp/lpcxpresso_7.5.0_254/lpcxpresso/tools/bin/../lib/gcc/arm-none-eabi/4.8.4/armv6-m\libcr_eabihelpers.a(llong.o)
 .bss           0x00000000        0x0 c:/nxp/lpcxpresso_7.5.0_254/lpcxpresso/tools/bin/../lib/gcc/arm-none-eabi/4.8.4/armv6-m\libcr_eabihelpers.a(llong.o)
 .text.__aeabi_llong_lmul
                0x00000000       0x2e c:/nxp/lpcxpresso_7.5.0_254/lpcxpresso/tools/bin/../lib/gcc/arm-none-eabi/4.8.4/armv6-m\libcr_eabihelpers.a(llong.o)
 .text.__aeabi_llong_llsl
                0x00000000       0x18 c:/nxp/lpcxpresso_7.5.0_254/lpcxpresso/tools/bin/../lib/gcc/arm-none-eabi/4.8.4/armv6-m\libcr_eabihelpers.a(llong.o)
 .text.__aeabi_llong_llsr
                0x00000000       0x18 c:/nxp/lpcxpresso_7.5.0_254/lpcxpresso/tools/bin/../lib/gcc/arm-none-eabi/4.8.4/armv6-m\libcr_eabihelpers.a(llong.o)
 .text.__aeabi_llong_lasr
                0x00000000       0x18 c:/nxp/lpcxpresso_7.5.0_254/lpcxpresso/tools/bin/../lib/gcc/arm-none-eabi/4.8.4/armv6-m\libcr_eabihelpers.a(llong.o)
 .text.__aeabi_llong_lcmp
                0x00000000       0x14 c:/nxp/lpcxpresso_7.5.0_254/lpcxpresso/tools/bin/../lib/gcc/arm-none-eabi/4.8.4/armv6-m\libcr_eabihelpers.a(llong.o)
 .text.__aeabi_llong_ulcmp
                0x00000000       0x10 c:/nxp/lpcxpresso_7.5.0_254/lpcxpresso/tools/bin/../lib/gcc/arm-none-eabi/4.8.4/armv6-m\libcr_eabihelpers.a(llong.o)
 .ARM.attributes
                0x00000000       0x21 c:/nxp/lpcxpresso_7.5.0_254/lpcxpresso/tools/bin/../lib/gcc/arm-none-eabi/4.8.4/armv6-m\libcr_eabihelpers.a(llong.o)

Memory Configuration

Name             Origin             Length             Attributes
MFlash32         0x00000000         0x00008000         xr
RamLoc8          0x10000000         0x00002000         xrw
*default*        0x00000000         0xffffffff

Linker script and memory map

LOAD ./src/Software.o
LOAD ./src/cr_startup_lpc11xx.o
LOAD ./src/crp.o
LOAD ./src/pwm.o
LOAD ./src/uart.o
LOAD C:\Users\Marcus\Dropbox\E7020E (LP3 14-15)\Project\CMSISv2p00_LPC11xx\Debug\libCMSISv2p00_LPC11xx.a
START GROUP
LOAD c:/nxp/lpcxpresso_7.5.0_254/lpcxpresso/tools/bin/../lib/gcc/arm-none-eabi/4.8.4/../../../../arm-none-eabi/lib/armv6-m\libcr_c.a
LOAD c:/nxp/lpcxpresso_7.5.0_254/lpcxpresso/tools/bin/../lib/gcc/arm-none-eabi/4.8.4/armv6-m\libcr_eabihelpers.a
END GROUP
                0x00008000                __top_MFlash32 = 0x8000
                0x10002000                __top_RamLoc8 = 0x10002000

.text           0x00000000      0xa24
 FILL mask 0xff
                0x00000000                __vectors_start__ = ABSOLUTE (.)
 *(.isr_vector)
 .isr_vector    0x00000000       0xc0 ./src/cr_startup_lpc11xx.o
                0x00000000                g_pfnVectors
                0x000000c0                . = ALIGN (0x4)
                0x000000c0                __section_table_start = .
                0x000000c0                __data_section_table = .
                0x000000c0        0x4 LONG 0xa24 LOADADDR (.data)
                0x000000c4        0x4 LONG 0x10000000 ADDR (.data)
                0x000000c8        0x4 LONG 0x0 SIZEOF (.data)
                0x000000cc                __data_section_table_end = .
                0x000000cc                __bss_section_table = .
                0x000000cc        0x4 LONG 0x10000000 ADDR (.bss)
                0x000000d0        0x4 LONG 0x20 SIZEOF (.bss)
                0x000000d4                __bss_section_table_end = .
                0x000000d4                __section_table_end = .
 *(.after_vectors*)
 .after_vectors
                0x000000d4      0x128 ./src/cr_startup_lpc11xx.o
                0x000000d4                data_init
                0x00000114                bss_init
                0x00000148                ResetISR
                0x000001cc                NMI_Handler
                0x000001d4                HardFault_Handler
                0x000001dc                SVC_Handler
                0x000001e4                PendSV_Handler
                0x000001ec                SysTick_Handler
                0x000001f4                SSP0_IRQHandler
                0x000001f4                TIMER32_1_IRQHandler
                0x000001f4                CAN_IRQHandler
                0x000001f4                IntDefaultHandler
                0x000001f4                SSP1_IRQHandler
                0x000001f4                PIOINT2_IRQHandler
                0x000001f4                BOD_IRQHandler
                0x000001f4                WAKEUP_IRQHandler
                0x000001f4                PIOINT0_IRQHandler
                0x000001f4                I2C_IRQHandler
                0x000001f4                WDT_IRQHandler
                0x000001f4                TIMER16_1_IRQHandler
                0x000001f4                TIMER16_0_IRQHandler
                0x000001f4                PIOINT3_IRQHandler
                0x000002fc                . = 0x2fc
 *fill*         0x000001fc      0x100 ff
                0x000002fc                PROVIDE (__CRP_WORD_START__, .)
 *(.crp)
 .crp           0x000002fc        0x4 ./src/crp.o
                0x000002fc                CRP_WORD
                0x00000300                PROVIDE (__CRP_WORD_END__, .)
                0x00000001                ASSERT (! ((__CRP_WORD_START__ == __CRP_WORD_END__)), Linker CRP Enabled, but no CRP_WORD provided within application)
 *(.text*)
 .text.NVIC_EnableIRQ
                0x00000300       0x2c ./src/Software.o
 .text.NVIC_SetPriority
                0x0000032c       0xe0 ./src/Software.o
 .text.main     0x0000040c      0x1fc ./src/Software.o
                0x0000040c                main
 .text.parser   0x00000608       0x10 ./src/Software.o
                0x00000608                parser
 .text.TIMER32_0_IRQHandler
                0x00000618       0x34 ./src/Software.o
                0x00000618                TIMER32_0_IRQHandler
 .text.UART_IRQHandler
                0x0000064c       0x88 ./src/Software.o
                0x0000064c                UART_IRQHandler
 .text.PIOINT1_IRQHandler
                0x000006d4       0x20 ./src/Software.o
                0x000006d4                PIOINT1_IRQHandler
 .text.ADC_IRQHandler
                0x000006f4       0xc4 ./src/Software.o
                0x000006f4                ADC_IRQHandler
 .text.SystemInit
                0x000007b8       0x90 C:\Users\Marcus\Dropbox\E7020E (LP3 14-15)\Project\CMSISv2p00_LPC11xx\Debug\libCMSISv2p00_LPC11xx.a(system_LPC11xx.o)
                0x000007b8                SystemInit
 .text.__weak_main
                0x00000848        0x8 c:/nxp/lpcxpresso_7.5.0_254/lpcxpresso/tools/bin/../lib/gcc/arm-none-eabi/4.8.4/../../../../arm-none-eabi/lib/armv6-m\libcr_c.a(__weak__main.o)
                0x00000848                __weak_main
                0x00000848                __main
 .text.__aeabi_division_idivmod
                0x00000850       0x78 c:/nxp/lpcxpresso_7.5.0_254/lpcxpresso/tools/bin/../lib/gcc/arm-none-eabi/4.8.4/armv6-m\libcr_eabihelpers.a(division_32.o)
                0x00000850                __aeabi_idivmod
                0x00000850                __aeabi_idiv
                0x00000856                __aeabi_uidivmod
                0x00000856                __aeabi_uidiv
 .text.__aeabi_division_idiv0
                0x000008c8        0x2 c:/nxp/lpcxpresso_7.5.0_254/lpcxpresso/tools/bin/../lib/gcc/arm-none-eabi/4.8.4/armv6-m\libcr_eabihelpers.a(division_idiv0.o)
                0x000008c8                __aeabi_idiv0
 *fill*         0x000008ca        0x2 
 .text.__aeabi_fdiv
                0x000008cc       0xe0 c:/nxp/lpcxpresso_7.5.0_254/lpcxpresso/tools/bin/../lib/gcc/arm-none-eabi/4.8.4/armv6-m\libcr_eabihelpers.a(float.o)
                0x000008cc                __aeabi_fdiv
 .text.__bhs_ui2f
                0x000009ac       0x60 c:/nxp/lpcxpresso_7.5.0_254/lpcxpresso/tools/bin/../lib/gcc/arm-none-eabi/4.8.4/armv6-m\libcr_eabihelpers.a(float.o)
                0x000009ac                __bhs_ui2f
 .text.__aeabi_i2f
                0x00000a0c       0x16 c:/nxp/lpcxpresso_7.5.0_254/lpcxpresso/tools/bin/../lib/gcc/arm-none-eabi/4.8.4/armv6-m\libcr_eabihelpers.a(float.o)
                0x00000a0c                __aeabi_i2f
 *(.rodata .rodata.* .constdata .constdata.*)
                0x00000a24                . = ALIGN (0x4)
 *fill*         0x00000a22        0x2 ff

.glue_7         0x00000a24        0x0
 .glue_7        0x00000000        0x0 linker stubs

.glue_7t        0x00000a24        0x0
 .glue_7t       0x00000000        0x0 linker stubs

.vfp11_veneer   0x00000a24        0x0
 .vfp11_veneer  0x00000000        0x0 linker stubs

.v4_bx          0x00000a24        0x0
 .v4_bx         0x00000000        0x0 linker stubs

.iplt           0x00000a24        0x0
 .iplt          0x00000000        0x0 ./src/Software.o

.rel.dyn        0x00000a24        0x0
 .rel.iplt      0x00000000        0x0 ./src/Software.o

.ARM.extab
 *(.ARM.extab* .gnu.linkonce.armextab.*)
                0x00000a24                __exidx_start = .

.ARM.exidx
 *(.ARM.exidx* .gnu.linkonce.armexidx.*)
                0x00000a24                __exidx_end = .
                0x00000a24                _etext = .

.uninit_RESERVED
                0x10000000        0x0
 *(.bss.$RESERVED*)
                0x10000000                . = ALIGN (0x4)
                0x10000000                _end_uninit_RESERVED = .

.data           0x10000000        0x0 load address 0x00000a24
 FILL mask 0xff
                0x10000000                _data = .
 *(vtable)
 *(.ramfunc*)
 *(.data*)
                0x10000000                . = ALIGN (0x4)
                0x10000000                _edata = .

.igot.plt       0x10000000        0x0 load address 0x00000a24
 .igot.plt      0x00000000        0x0 ./src/Software.o

.bss            0x10000000       0x20 load address 0x00000a24
                0x10000000                _bss = .
 *(.bss*)
 .bss.voltage   0x10000000        0x4 ./src/Software.o
                0x10000000                voltage
 .bss.k         0x10000004        0x4 ./src/Software.o
                0x10000004                k
 .bss.sum       0x10000008        0x4 ./src/Software.o
                0x10000008                sum
 .bss.i         0x1000000c        0x4 ./src/Software.o
                0x1000000c                i
 *(COMMON)
 COMMON         0x10000010       0x10 ./src/Software.o
                0x10000010                string
                0x10000020                . = ALIGN (0x4)
                0x10000020                _ebss = .
                0x10000020                PROVIDE (end, .)

.noinit         0x10000020        0x0 load address 0x00000a24
                0x10000020                _noinit = .
 *(.noinit*)
                0x10000020                . = ALIGN (0x4)
                0x10000020                _end_noinit = .
                0x10000020                PROVIDE (_pvHeapStart, DEFINED (__user_heap_base)?__user_heap_base:.)
                0x10002000                PROVIDE (_vStackTop, DEFINED (__user_stack_top)?__user_stack_top:(__top_RamLoc8 - 0x0))
OUTPUT(Software.axf elf32-littlearm)

.debug_info     0x00000000     0x1524
 .debug_info    0x00000000      0xe91 ./src/Software.o
 .debug_info    0x00000e91      0x1fe ./src/cr_startup_lpc11xx.o
 .debug_info    0x0000108f       0x3f ./src/crp.o
 .debug_info    0x000010ce      0x456 C:\Users\Marcus\Dropbox\E7020E (LP3 14-15)\Project\CMSISv2p00_LPC11xx\Debug\libCMSISv2p00_LPC11xx.a(system_LPC11xx.o)

.debug_abbrev   0x00000000      0x4a8
 .debug_abbrev  0x00000000      0x286 ./src/Software.o
 .debug_abbrev  0x00000286       0xe6 ./src/cr_startup_lpc11xx.o
 .debug_abbrev  0x0000036c       0x36 ./src/crp.o
 .debug_abbrev  0x000003a2      0x106 C:\Users\Marcus\Dropbox\E7020E (LP3 14-15)\Project\CMSISv2p00_LPC11xx\Debug\libCMSISv2p00_LPC11xx.a(system_LPC11xx.o)

.debug_aranges  0x00000000       0xf8
 .debug_aranges
                0x00000000       0x58 ./src/Software.o
 .debug_aranges
                0x00000058       0x60 ./src/cr_startup_lpc11xx.o
 .debug_aranges
                0x000000b8       0x18 ./src/crp.o
 .debug_aranges
                0x000000d0       0x28 C:\Users\Marcus\Dropbox\E7020E (LP3 14-15)\Project\CMSISv2p00_LPC11xx\Debug\libCMSISv2p00_LPC11xx.a(system_LPC11xx.o)

.debug_ranges   0x00000000       0xb0
 .debug_ranges  0x00000000       0x48 ./src/Software.o
 .debug_ranges  0x00000048       0x50 ./src/cr_startup_lpc11xx.o
 .debug_ranges  0x00000098       0x18 C:\Users\Marcus\Dropbox\E7020E (LP3 14-15)\Project\CMSISv2p00_LPC11xx\Debug\libCMSISv2p00_LPC11xx.a(system_LPC11xx.o)

.debug_macro    0x00000000     0x1da7
 .debug_macro   0x00000000       0x8e ./src/Software.o
 .debug_macro   0x0000008e      0x820 ./src/Software.o
 .debug_macro   0x000008ae       0x1c ./src/Software.o
 .debug_macro   0x000008ca       0x2e ./src/Software.o
 .debug_macro   0x000008f8       0x10 ./src/Software.o
 .debug_macro   0x00000908      0x12d ./src/Software.o
 .debug_macro   0x00000a35      0x5b2 ./src/Software.o
 .debug_macro   0x00000fe7      0x237 ./src/Software.o
 .debug_macro   0x0000121e      0x131 ./src/Software.o
 .debug_macro   0x0000134f       0x82 ./src/Software.o
 .debug_macro   0x000013d1       0x16 ./src/Software.o
 .debug_macro   0x000013e7       0x1d ./src/cr_startup_lpc11xx.o
 .debug_macro   0x00001404       0x1a ./src/crp.o
 .debug_macro   0x0000141e       0x34 ./src/crp.o
 .debug_macro   0x00001452      0x13b C:\Users\Marcus\Dropbox\E7020E (LP3 14-15)\Project\CMSISv2p00_LPC11xx\Debug\libCMSISv2p00_LPC11xx.a(system_LPC11xx.o)
 .debug_macro   0x0000158d      0x81a C:\Users\Marcus\Dropbox\E7020E (LP3 14-15)\Project\CMSISv2p00_LPC11xx\Debug\libCMSISv2p00_LPC11xx.a(system_LPC11xx.o)

.debug_line     0x00000000      0x5fb
 .debug_line    0x00000000      0x2fa ./src/Software.o
 .debug_line    0x000002fa       0xc2 ./src/cr_startup_lpc11xx.o
 .debug_line    0x000003bc       0x78 ./src/crp.o
 .debug_line    0x00000434      0x1c7 C:\Users\Marcus\Dropbox\E7020E (LP3 14-15)\Project\CMSISv2p00_LPC11xx\Debug\libCMSISv2p00_LPC11xx.a(system_LPC11xx.o)

.debug_str      0x00000000     0x6271
 .debug_str     0x00000000     0x5b5a ./src/Software.o
                               0x5be2 (size before relaxing)
 .debug_str     0x00005b5a      0x178 ./src/cr_startup_lpc11xx.o
                               0x247c (size before relaxing)
 .debug_str     0x00005cd2       0xe9 ./src/crp.o
                               0x23de (size before relaxing)
 .debug_str     0x00005dbb      0x4b6 C:\Users\Marcus\Dropbox\E7020E (LP3 14-15)\Project\CMSISv2p00_LPC11xx\Debug\libCMSISv2p00_LPC11xx.a(system_LPC11xx.o)
                               0x5597 (size before relaxing)

.comment        0x00000000       0xe0
 .comment       0x00000000       0x70 ./src/Software.o
                                 0x71 (size before relaxing)
 .comment       0x00000000       0x71 ./src/cr_startup_lpc11xx.o
 .comment       0x00000000       0x71 ./src/crp.o
 .comment       0x00000000       0x71 C:\Users\Marcus\Dropbox\E7020E (LP3 14-15)\Project\CMSISv2p00_LPC11xx\Debug\libCMSISv2p00_LPC11xx.a(system_LPC11xx.o)
 .comment       0x00000070       0x70 c:/nxp/lpcxpresso_7.5.0_254/lpcxpresso/tools/bin/../lib/gcc/arm-none-eabi/4.8.4/../../../../arm-none-eabi/lib/armv6-m\libcr_c.a(__weak__main.o)
                                 0x71 (size before relaxing)
 .comment       0x00000000       0x71 c:/nxp/lpcxpresso_7.5.0_254/lpcxpresso/tools/bin/../lib/gcc/arm-none-eabi/4.8.4/armv6-m\libcr_eabihelpers.a(float.o)

.ARM.attributes
                0x00000000       0x2f
 .ARM.attributes
                0x00000000       0x31 ./src/Software.o
 .ARM.attributes
                0x00000031       0x31 ./src/cr_startup_lpc11xx.o
 .ARM.attributes
                0x00000062       0x31 ./src/crp.o
 .ARM.attributes
                0x00000093       0x31 C:\Users\Marcus\Dropbox\E7020E (LP3 14-15)\Project\CMSISv2p00_LPC11xx\Debug\libCMSISv2p00_LPC11xx.a(system_LPC11xx.o)
 .ARM.attributes
                0x000000c4       0x31 c:/nxp/lpcxpresso_7.5.0_254/lpcxpresso/tools/bin/../lib/gcc/arm-none-eabi/4.8.4/../../../../arm-none-eabi/lib/armv6-m\libcr_c.a(__weak__main.o)
 .ARM.attributes
                0x000000f5       0x21 c:/nxp/lpcxpresso_7.5.0_254/lpcxpresso/tools/bin/../lib/gcc/arm-none-eabi/4.8.4/armv6-m\libcr_eabihelpers.a(division_32.o)
 .ARM.attributes
                0x00000116       0x21 c:/nxp/lpcxpresso_7.5.0_254/lpcxpresso/tools/bin/../lib/gcc/arm-none-eabi/4.8.4/armv6-m\libcr_eabihelpers.a(division_idiv0.o)
 .ARM.attributes
                0x00000137       0x31 c:/nxp/lpcxpresso_7.5.0_254/lpcxpresso/tools/bin/../lib/gcc/arm-none-eabi/4.8.4/armv6-m\libcr_eabihelpers.a(float.o)

.debug_frame    0x00000000      0x268
 .debug_frame   0x00000000      0x10c ./src/Software.o
 .debug_frame   0x0000010c      0x118 ./src/cr_startup_lpc11xx.o
 .debug_frame   0x00000224       0x44 C:\Users\Marcus\Dropbox\E7020E (LP3 14-15)\Project\CMSISv2p00_LPC11xx\Debug\libCMSISv2p00_LPC11xx.a(system_LPC11xx.o)

.debug_loc      0x00000000       0x84
 .debug_loc     0x00000000       0x84 C:\Users\Marcus\Dropbox\E7020E (LP3 14-15)\Project\CMSISv2p00_LPC11xx\Debug\libCMSISv2p00_LPC11xx.a(system_LPC11xx.o)
