Archive member included because of file (symbol)

C:\Users\Marcus\Dropbox\E7020E (LP3 14-15)\Project\CMSISv2p00_LPC11xx\Debug\libCMSISv2p00_LPC11xx.a(system_LPC11xx.o)
                              ./src/cr_startup_lpc11xx.o (SystemInit)
c:/nxp/lpcxpresso_7.5.0_254/lpcxpresso/tools/bin/../lib/gcc/arm-none-eabi/4.8.4/../../../../arm-none-eabi/lib/armv6-m\libcr_c.a(__weak__main.o)
                              ./src/cr_startup_lpc11xx.o (__main)
c:/nxp/lpcxpresso_7.5.0_254/lpcxpresso/tools/bin/../lib/gcc/arm-none-eabi/4.8.4/../../../../arm-none-eabi/lib/armv6-m\libcr_c.a(pow.o)
                              ./src/str.o (pow)
c:/nxp/lpcxpresso_7.5.0_254/lpcxpresso/tools/bin/../lib/gcc/arm-none-eabi/4.8.4/../../../../arm-none-eabi/lib/armv6-m\libcr_c.a(_hugeval.o)
                              c:/nxp/lpcxpresso_7.5.0_254/lpcxpresso/tools/bin/../lib/gcc/arm-none-eabi/4.8.4/../../../../arm-none-eabi/lib/armv6-m\libcr_c.a(pow.o) (__huge_val)
c:/nxp/lpcxpresso_7.5.0_254/lpcxpresso/tools/bin/../lib/gcc/arm-none-eabi/4.8.4/../../../../arm-none-eabi/lib/armv6-m\libcr_c.a(errno.o)
                              c:/nxp/lpcxpresso_7.5.0_254/lpcxpresso/tools/bin/../lib/gcc/arm-none-eabi/4.8.4/../../../../arm-none-eabi/lib/armv6-m\libcr_c.a(pow.o) (errno)
c:/nxp/lpcxpresso_7.5.0_254/lpcxpresso/tools/bin/../lib/gcc/arm-none-eabi/4.8.4/../../../../arm-none-eabi/lib/armv6-m\libcr_c.a(frexp.o)
                              c:/nxp/lpcxpresso_7.5.0_254/lpcxpresso/tools/bin/../lib/gcc/arm-none-eabi/4.8.4/../../../../arm-none-eabi/lib/armv6-m\libcr_c.a(pow.o) (frexp)
c:/nxp/lpcxpresso_7.5.0_254/lpcxpresso/tools/bin/../lib/gcc/arm-none-eabi/4.8.4/../../../../arm-none-eabi/lib/armv6-m\libcr_c.a(ldexp.o)
                              c:/nxp/lpcxpresso_7.5.0_254/lpcxpresso/tools/bin/../lib/gcc/arm-none-eabi/4.8.4/../../../../arm-none-eabi/lib/armv6-m\libcr_c.a(pow.o) (ldexp)
c:/nxp/lpcxpresso_7.5.0_254/lpcxpresso/tools/bin/../lib/gcc/arm-none-eabi/4.8.4/armv6-m\libcr_eabihelpers.a(division_32.o)
                              ./src/str.o (__aeabi_idiv)
c:/nxp/lpcxpresso_7.5.0_254/lpcxpresso/tools/bin/../lib/gcc/arm-none-eabi/4.8.4/armv6-m\libcr_eabihelpers.a(division_idiv0.o)
                              c:/nxp/lpcxpresso_7.5.0_254/lpcxpresso/tools/bin/../lib/gcc/arm-none-eabi/4.8.4/armv6-m\libcr_eabihelpers.a(division_32.o) (__aeabi_idiv0)
c:/nxp/lpcxpresso_7.5.0_254/lpcxpresso/tools/bin/../lib/gcc/arm-none-eabi/4.8.4/armv6-m\libcr_eabihelpers.a(double.o)
                              ./src/str.o (__aeabi_dmul)
c:/nxp/lpcxpresso_7.5.0_254/lpcxpresso/tools/bin/../lib/gcc/arm-none-eabi/4.8.4/armv6-m\libcr_eabihelpers.a(float.o)
                              ./src/adc.o (__aeabi_fdiv)
c:/nxp/lpcxpresso_7.5.0_254/lpcxpresso/tools/bin/../lib/gcc/arm-none-eabi/4.8.4/armv6-m\libcr_eabihelpers.a(llong.o)
                              c:/nxp/lpcxpresso_7.5.0_254/lpcxpresso/tools/bin/../lib/gcc/arm-none-eabi/4.8.4/armv6-m\libcr_eabihelpers.a(double.o) (__aeabi_lmul)

Allocating common symbols
Common symbol       size              file

uart_tx_buf         0x20              ./src/uart.o
string              0x10              ./src/Software.o

Discarded input sections

 .group         0x00000000        0x8 ./src/SPI.o
 .group         0x00000000        0x8 ./src/SPI.o
 .group         0x00000000        0x8 ./src/SPI.o
 .group         0x00000000        0x8 ./src/SPI.o
 .group         0x00000000        0x8 ./src/SPI.o
 .group         0x00000000        0x8 ./src/SPI.o
 .group         0x00000000        0x8 ./src/SPI.o
 .group         0x00000000        0x8 ./src/SPI.o
 .group         0x00000000        0x8 ./src/SPI.o
 .group         0x00000000        0x8 ./src/SPI.o
 .group         0x00000000        0x8 ./src/SPI.o
 .group         0x00000000        0x8 ./src/SPI.o
 .text          0x00000000        0x0 ./src/SPI.o
 .data          0x00000000        0x0 ./src/SPI.o
 .bss           0x00000000        0x0 ./src/SPI.o
 .debug_info    0x00000000       0x6f ./src/SPI.o
 .debug_abbrev  0x00000000       0x29 ./src/SPI.o
 .debug_aranges
                0x00000000       0x18 ./src/SPI.o
 .debug_macro   0x00000000       0xdc ./src/SPI.o
 .debug_macro   0x00000000      0x820 ./src/SPI.o
 .debug_macro   0x00000000       0x1c ./src/SPI.o
 .debug_macro   0x00000000       0x2e ./src/SPI.o
 .debug_macro   0x00000000       0x10 ./src/SPI.o
 .debug_macro   0x00000000      0x12d ./src/SPI.o
 .debug_macro   0x00000000      0x5b2 ./src/SPI.o
 .debug_macro   0x00000000      0x237 ./src/SPI.o
 .debug_macro   0x00000000      0x131 ./src/SPI.o
 .debug_macro   0x00000000       0x82 ./src/SPI.o
 .debug_macro   0x00000000       0x10 ./src/SPI.o
 .debug_macro   0x00000000       0xc4 ./src/SPI.o
 .debug_macro   0x00000000       0x16 ./src/SPI.o
 .debug_line    0x00000000      0x22c ./src/SPI.o
 .debug_str     0x00000000     0x597f ./src/SPI.o
 .comment       0x00000000       0x71 ./src/SPI.o
 .ARM.attributes
                0x00000000       0x31 ./src/SPI.o
 .group         0x00000000        0x8 ./src/Software.o
 .group         0x00000000        0x8 ./src/Software.o
 .group         0x00000000        0x8 ./src/Software.o
 .group         0x00000000        0x8 ./src/Software.o
 .group         0x00000000        0x8 ./src/Software.o
 .group         0x00000000        0x8 ./src/Software.o
 .group         0x00000000        0x8 ./src/Software.o
 .group         0x00000000        0x8 ./src/Software.o
 .group         0x00000000        0x8 ./src/Software.o
 .group         0x00000000        0x8 ./src/Software.o
 .group         0x00000000        0x8 ./src/Software.o
 .group         0x00000000        0x8 ./src/Software.o
 .text          0x00000000        0x0 ./src/Software.o
 .data          0x00000000        0x0 ./src/Software.o
 .bss           0x00000000        0x0 ./src/Software.o
 .text.parser   0x00000000       0x10 ./src/Software.o
 .text.delayUS  0x00000000       0x10 ./src/Software.o
 .debug_macro   0x00000000      0x820 ./src/Software.o
 .debug_macro   0x00000000       0x1c ./src/Software.o
 .debug_macro   0x00000000       0x2e ./src/Software.o
 .debug_macro   0x00000000       0x10 ./src/Software.o
 .debug_macro   0x00000000      0x12d ./src/Software.o
 .debug_macro   0x00000000      0x5b2 ./src/Software.o
 .debug_macro   0x00000000      0x237 ./src/Software.o
 .debug_macro   0x00000000      0x131 ./src/Software.o
 .debug_macro   0x00000000       0x82 ./src/Software.o
 .debug_macro   0x00000000       0x10 ./src/Software.o
 .debug_macro   0x00000000       0xc4 ./src/Software.o
 .debug_macro   0x00000000       0x16 ./src/Software.o
 COMMON         0x00000000       0x10 ./src/Software.o
 .group         0x00000000        0x8 ./src/adc.o
 .group         0x00000000        0x8 ./src/adc.o
 .group         0x00000000        0x8 ./src/adc.o
 .group         0x00000000        0x8 ./src/adc.o
 .group         0x00000000        0x8 ./src/adc.o
 .group         0x00000000        0x8 ./src/adc.o
 .group         0x00000000        0x8 ./src/adc.o
 .group         0x00000000        0x8 ./src/adc.o
 .group         0x00000000        0x8 ./src/adc.o
 .group         0x00000000        0x8 ./src/adc.o
 .group         0x00000000        0x8 ./src/adc.o
 .group         0x00000000        0x8 ./src/adc.o
 .text          0x00000000        0x0 ./src/adc.o
 .data          0x00000000        0x0 ./src/adc.o
 .bss           0x00000000        0x0 ./src/adc.o
 .debug_macro   0x00000000      0x820 ./src/adc.o
 .debug_macro   0x00000000       0x1c ./src/adc.o
 .debug_macro   0x00000000       0x2e ./src/adc.o
 .debug_macro   0x00000000       0x10 ./src/adc.o
 .debug_macro   0x00000000      0x12d ./src/adc.o
 .debug_macro   0x00000000      0x5b2 ./src/adc.o
 .debug_macro   0x00000000      0x237 ./src/adc.o
 .debug_macro   0x00000000      0x131 ./src/adc.o
 .debug_macro   0x00000000       0x10 ./src/adc.o
 .debug_macro   0x00000000       0xc4 ./src/adc.o
 .debug_macro   0x00000000       0x82 ./src/adc.o
 .debug_macro   0x00000000       0x16 ./src/adc.o
 .group         0x00000000        0x8 ./src/cr_startup_lpc11xx.o
 .text          0x00000000        0x0 ./src/cr_startup_lpc11xx.o
 .data          0x00000000        0x0 ./src/cr_startup_lpc11xx.o
 .bss           0x00000000        0x0 ./src/cr_startup_lpc11xx.o
 .debug_macro   0x00000000      0x820 ./src/cr_startup_lpc11xx.o
 .group         0x00000000        0x8 ./src/crp.o
 .group         0x00000000        0x8 ./src/crp.o
 .text          0x00000000        0x0 ./src/crp.o
 .data          0x00000000        0x0 ./src/crp.o
 .bss           0x00000000        0x0 ./src/crp.o
 .debug_macro   0x00000000      0x820 ./src/crp.o
 .group         0x00000000        0x8 ./src/pwm.o
 .group         0x00000000        0x8 ./src/pwm.o
 .group         0x00000000        0x8 ./src/pwm.o
 .group         0x00000000        0x8 ./src/pwm.o
 .group         0x00000000        0x8 ./src/pwm.o
 .group         0x00000000        0x8 ./src/pwm.o
 .group         0x00000000        0x8 ./src/pwm.o
 .group         0x00000000        0x8 ./src/pwm.o
 .group         0x00000000        0x8 ./src/pwm.o
 .group         0x00000000        0x8 ./src/pwm.o
 .group         0x00000000        0x8 ./src/pwm.o
 .group         0x00000000        0x8 ./src/pwm.o
 .text          0x00000000        0x0 ./src/pwm.o
 .data          0x00000000        0x0 ./src/pwm.o
 .bss           0x00000000        0x0 ./src/pwm.o
 .debug_macro   0x00000000      0x820 ./src/pwm.o
 .debug_macro   0x00000000       0x1c ./src/pwm.o
 .debug_macro   0x00000000       0x2e ./src/pwm.o
 .debug_macro   0x00000000       0x10 ./src/pwm.o
 .debug_macro   0x00000000      0x12d ./src/pwm.o
 .debug_macro   0x00000000      0x5b2 ./src/pwm.o
 .debug_macro   0x00000000      0x237 ./src/pwm.o
 .debug_macro   0x00000000      0x131 ./src/pwm.o
 .debug_macro   0x00000000       0x82 ./src/pwm.o
 .debug_macro   0x00000000       0x10 ./src/pwm.o
 .debug_macro   0x00000000       0xc4 ./src/pwm.o
 .debug_macro   0x00000000       0x16 ./src/pwm.o
 .group         0x00000000        0x8 ./src/str.o
 .group         0x00000000        0x8 ./src/str.o
 .group         0x00000000        0x8 ./src/str.o
 .text          0x00000000        0x0 ./src/str.o
 .data          0x00000000        0x0 ./src/str.o
 .bss           0x00000000        0x0 ./src/str.o
 .debug_macro   0x00000000      0x820 ./src/str.o
 .debug_macro   0x00000000       0x10 ./src/str.o
 .group         0x00000000        0x8 ./src/temp.o
 .group         0x00000000        0x8 ./src/temp.o
 .group         0x00000000        0x8 ./src/temp.o
 .group         0x00000000        0x8 ./src/temp.o
 .group         0x00000000        0x8 ./src/temp.o
 .group         0x00000000        0x8 ./src/temp.o
 .group         0x00000000        0x8 ./src/temp.o
 .group         0x00000000        0x8 ./src/temp.o
 .group         0x00000000        0x8 ./src/temp.o
 .group         0x00000000        0x8 ./src/temp.o
 .group         0x00000000        0x8 ./src/temp.o
 .text          0x00000000        0x0 ./src/temp.o
 .data          0x00000000        0x0 ./src/temp.o
 .bss           0x00000000        0x0 ./src/temp.o
 .text.init_temp
                0x00000000        0x8 ./src/temp.o
 .debug_macro   0x00000000      0x820 ./src/temp.o
 .debug_macro   0x00000000       0x1c ./src/temp.o
 .debug_macro   0x00000000       0x2e ./src/temp.o
 .debug_macro   0x00000000       0x10 ./src/temp.o
 .debug_macro   0x00000000      0x12d ./src/temp.o
 .debug_macro   0x00000000      0x5b2 ./src/temp.o
 .debug_macro   0x00000000      0x237 ./src/temp.o
 .debug_macro   0x00000000      0x131 ./src/temp.o
 .debug_macro   0x00000000       0xc4 ./src/temp.o
 .debug_macro   0x00000000       0x82 ./src/temp.o
 .debug_macro   0x00000000       0x16 ./src/temp.o
 .group         0x00000000        0x8 ./src/uart.o
 .group         0x00000000        0x8 ./src/uart.o
 .group         0x00000000        0x8 ./src/uart.o
 .group         0x00000000        0x8 ./src/uart.o
 .group         0x00000000        0x8 ./src/uart.o
 .group         0x00000000        0x8 ./src/uart.o
 .group         0x00000000        0x8 ./src/uart.o
 .group         0x00000000        0x8 ./src/uart.o
 .text          0x00000000        0x0 ./src/uart.o
 .data          0x00000000        0x0 ./src/uart.o
 .bss           0x00000000        0x0 ./src/uart.o
 .debug_macro   0x00000000      0x820 ./src/uart.o
 .debug_macro   0x00000000       0x1c ./src/uart.o
 .debug_macro   0x00000000       0x2e ./src/uart.o
 .debug_macro   0x00000000       0x10 ./src/uart.o
 .debug_macro   0x00000000      0x12d ./src/uart.o
 .debug_macro   0x00000000      0x5b2 ./src/uart.o
 .debug_macro   0x00000000      0x237 ./src/uart.o
 .debug_macro   0x00000000      0x131 ./src/uart.o
 .group         0x00000000        0x8 C:\Users\Marcus\Dropbox\E7020E (LP3 14-15)\Project\CMSISv2p00_LPC11xx\Debug\libCMSISv2p00_LPC11xx.a(system_LPC11xx.o)
 .group         0x00000000        0x8 C:\Users\Marcus\Dropbox\E7020E (LP3 14-15)\Project\CMSISv2p00_LPC11xx\Debug\libCMSISv2p00_LPC11xx.a(system_LPC11xx.o)
 .group         0x00000000        0x8 C:\Users\Marcus\Dropbox\E7020E (LP3 14-15)\Project\CMSISv2p00_LPC11xx\Debug\libCMSISv2p00_LPC11xx.a(system_LPC11xx.o)
 .group         0x00000000        0x8 C:\Users\Marcus\Dropbox\E7020E (LP3 14-15)\Project\CMSISv2p00_LPC11xx\Debug\libCMSISv2p00_LPC11xx.a(system_LPC11xx.o)
 .group         0x00000000        0x8 C:\Users\Marcus\Dropbox\E7020E (LP3 14-15)\Project\CMSISv2p00_LPC11xx\Debug\libCMSISv2p00_LPC11xx.a(system_LPC11xx.o)
 .group         0x00000000        0x8 C:\Users\Marcus\Dropbox\E7020E (LP3 14-15)\Project\CMSISv2p00_LPC11xx\Debug\libCMSISv2p00_LPC11xx.a(system_LPC11xx.o)
 .group         0x00000000        0x8 C:\Users\Marcus\Dropbox\E7020E (LP3 14-15)\Project\CMSISv2p00_LPC11xx\Debug\libCMSISv2p00_LPC11xx.a(system_LPC11xx.o)
 .group         0x00000000        0x8 C:\Users\Marcus\Dropbox\E7020E (LP3 14-15)\Project\CMSISv2p00_LPC11xx\Debug\libCMSISv2p00_LPC11xx.a(system_LPC11xx.o)
 .text          0x00000000        0x0 C:\Users\Marcus\Dropbox\E7020E (LP3 14-15)\Project\CMSISv2p00_LPC11xx\Debug\libCMSISv2p00_LPC11xx.a(system_LPC11xx.o)
 .data          0x00000000        0x0 C:\Users\Marcus\Dropbox\E7020E (LP3 14-15)\Project\CMSISv2p00_LPC11xx\Debug\libCMSISv2p00_LPC11xx.a(system_LPC11xx.o)
 .bss           0x00000000        0x0 C:\Users\Marcus\Dropbox\E7020E (LP3 14-15)\Project\CMSISv2p00_LPC11xx\Debug\libCMSISv2p00_LPC11xx.a(system_LPC11xx.o)
 .text.SystemCoreClockUpdate
                0x00000000       0xa0 C:\Users\Marcus\Dropbox\E7020E (LP3 14-15)\Project\CMSISv2p00_LPC11xx\Debug\libCMSISv2p00_LPC11xx.a(system_LPC11xx.o)
 .rodata.CSWTCH.7
                0x00000000       0x40 C:\Users\Marcus\Dropbox\E7020E (LP3 14-15)\Project\CMSISv2p00_LPC11xx\Debug\libCMSISv2p00_LPC11xx.a(system_LPC11xx.o)
 .data.SystemCoreClock
                0x00000000        0x4 C:\Users\Marcus\Dropbox\E7020E (LP3 14-15)\Project\CMSISv2p00_LPC11xx\Debug\libCMSISv2p00_LPC11xx.a(system_LPC11xx.o)
 .debug_macro   0x00000000       0x10 C:\Users\Marcus\Dropbox\E7020E (LP3 14-15)\Project\CMSISv2p00_LPC11xx\Debug\libCMSISv2p00_LPC11xx.a(system_LPC11xx.o)
 .debug_macro   0x00000000      0x12d C:\Users\Marcus\Dropbox\E7020E (LP3 14-15)\Project\CMSISv2p00_LPC11xx\Debug\libCMSISv2p00_LPC11xx.a(system_LPC11xx.o)
 .debug_macro   0x00000000      0x5b2 C:\Users\Marcus\Dropbox\E7020E (LP3 14-15)\Project\CMSISv2p00_LPC11xx\Debug\libCMSISv2p00_LPC11xx.a(system_LPC11xx.o)
 .debug_macro   0x00000000       0x1c C:\Users\Marcus\Dropbox\E7020E (LP3 14-15)\Project\CMSISv2p00_LPC11xx\Debug\libCMSISv2p00_LPC11xx.a(system_LPC11xx.o)
 .debug_macro   0x00000000       0x2e C:\Users\Marcus\Dropbox\E7020E (LP3 14-15)\Project\CMSISv2p00_LPC11xx\Debug\libCMSISv2p00_LPC11xx.a(system_LPC11xx.o)
 .debug_macro   0x00000000      0x237 C:\Users\Marcus\Dropbox\E7020E (LP3 14-15)\Project\CMSISv2p00_LPC11xx\Debug\libCMSISv2p00_LPC11xx.a(system_LPC11xx.o)
 .debug_macro   0x00000000      0x131 C:\Users\Marcus\Dropbox\E7020E (LP3 14-15)\Project\CMSISv2p00_LPC11xx\Debug\libCMSISv2p00_LPC11xx.a(system_LPC11xx.o)
 .text          0x00000000        0x0 c:/nxp/lpcxpresso_7.5.0_254/lpcxpresso/tools/bin/../lib/gcc/arm-none-eabi/4.8.4/../../../../arm-none-eabi/lib/armv6-m\libcr_c.a(__weak__main.o)
 .data          0x00000000        0x0 c:/nxp/lpcxpresso_7.5.0_254/lpcxpresso/tools/bin/../lib/gcc/arm-none-eabi/4.8.4/../../../../arm-none-eabi/lib/armv6-m\libcr_c.a(__weak__main.o)
 .bss           0x00000000        0x0 c:/nxp/lpcxpresso_7.5.0_254/lpcxpresso/tools/bin/../lib/gcc/arm-none-eabi/4.8.4/../../../../arm-none-eabi/lib/armv6-m\libcr_c.a(__weak__main.o)
 .text          0x00000000        0x0 c:/nxp/lpcxpresso_7.5.0_254/lpcxpresso/tools/bin/../lib/gcc/arm-none-eabi/4.8.4/../../../../arm-none-eabi/lib/armv6-m\libcr_c.a(pow.o)
 .data          0x00000000        0x0 c:/nxp/lpcxpresso_7.5.0_254/lpcxpresso/tools/bin/../lib/gcc/arm-none-eabi/4.8.4/../../../../arm-none-eabi/lib/armv6-m\libcr_c.a(pow.o)
 .bss           0x00000000        0x0 c:/nxp/lpcxpresso_7.5.0_254/lpcxpresso/tools/bin/../lib/gcc/arm-none-eabi/4.8.4/../../../../arm-none-eabi/lib/armv6-m\libcr_c.a(pow.o)
 .text          0x00000000        0x0 c:/nxp/lpcxpresso_7.5.0_254/lpcxpresso/tools/bin/../lib/gcc/arm-none-eabi/4.8.4/../../../../arm-none-eabi/lib/armv6-m\libcr_c.a(_hugeval.o)
 .data          0x00000000        0x0 c:/nxp/lpcxpresso_7.5.0_254/lpcxpresso/tools/bin/../lib/gcc/arm-none-eabi/4.8.4/../../../../arm-none-eabi/lib/armv6-m\libcr_c.a(_hugeval.o)
 .bss           0x00000000        0x0 c:/nxp/lpcxpresso_7.5.0_254/lpcxpresso/tools/bin/../lib/gcc/arm-none-eabi/4.8.4/../../../../arm-none-eabi/lib/armv6-m\libcr_c.a(_hugeval.o)
 .rodata.__huge_vall
                0x00000000        0x8 c:/nxp/lpcxpresso_7.5.0_254/lpcxpresso/tools/bin/../lib/gcc/arm-none-eabi/4.8.4/../../../../arm-none-eabi/lib/armv6-m\libcr_c.a(_hugeval.o)
 .text          0x00000000        0x0 c:/nxp/lpcxpresso_7.5.0_254/lpcxpresso/tools/bin/../lib/gcc/arm-none-eabi/4.8.4/../../../../arm-none-eabi/lib/armv6-m\libcr_c.a(errno.o)
 .data          0x00000000        0x0 c:/nxp/lpcxpresso_7.5.0_254/lpcxpresso/tools/bin/../lib/gcc/arm-none-eabi/4.8.4/../../../../arm-none-eabi/lib/armv6-m\libcr_c.a(errno.o)
 .bss           0x00000000        0x0 c:/nxp/lpcxpresso_7.5.0_254/lpcxpresso/tools/bin/../lib/gcc/arm-none-eabi/4.8.4/../../../../arm-none-eabi/lib/armv6-m\libcr_c.a(errno.o)
 .text          0x00000000        0x0 c:/nxp/lpcxpresso_7.5.0_254/lpcxpresso/tools/bin/../lib/gcc/arm-none-eabi/4.8.4/../../../../arm-none-eabi/lib/armv6-m\libcr_c.a(frexp.o)
 .data          0x00000000        0x0 c:/nxp/lpcxpresso_7.5.0_254/lpcxpresso/tools/bin/../lib/gcc/arm-none-eabi/4.8.4/../../../../arm-none-eabi/lib/armv6-m\libcr_c.a(frexp.o)
 .bss           0x00000000        0x0 c:/nxp/lpcxpresso_7.5.0_254/lpcxpresso/tools/bin/../lib/gcc/arm-none-eabi/4.8.4/../../../../arm-none-eabi/lib/armv6-m\libcr_c.a(frexp.o)
 .text          0x00000000        0x0 c:/nxp/lpcxpresso_7.5.0_254/lpcxpresso/tools/bin/../lib/gcc/arm-none-eabi/4.8.4/../../../../arm-none-eabi/lib/armv6-m\libcr_c.a(ldexp.o)
 .data          0x00000000        0x0 c:/nxp/lpcxpresso_7.5.0_254/lpcxpresso/tools/bin/../lib/gcc/arm-none-eabi/4.8.4/../../../../arm-none-eabi/lib/armv6-m\libcr_c.a(ldexp.o)
 .bss           0x00000000        0x0 c:/nxp/lpcxpresso_7.5.0_254/lpcxpresso/tools/bin/../lib/gcc/arm-none-eabi/4.8.4/../../../../arm-none-eabi/lib/armv6-m\libcr_c.a(ldexp.o)
 .text          0x00000000        0x0 c:/nxp/lpcxpresso_7.5.0_254/lpcxpresso/tools/bin/../lib/gcc/arm-none-eabi/4.8.4/armv6-m\libcr_eabihelpers.a(division_32.o)
 .data          0x00000000        0x0 c:/nxp/lpcxpresso_7.5.0_254/lpcxpresso/tools/bin/../lib/gcc/arm-none-eabi/4.8.4/armv6-m\libcr_eabihelpers.a(division_32.o)
 .bss           0x00000000        0x0 c:/nxp/lpcxpresso_7.5.0_254/lpcxpresso/tools/bin/../lib/gcc/arm-none-eabi/4.8.4/armv6-m\libcr_eabihelpers.a(division_32.o)
 .text          0x00000000        0x0 c:/nxp/lpcxpresso_7.5.0_254/lpcxpresso/tools/bin/../lib/gcc/arm-none-eabi/4.8.4/armv6-m\libcr_eabihelpers.a(division_idiv0.o)
 .data          0x00000000        0x0 c:/nxp/lpcxpresso_7.5.0_254/lpcxpresso/tools/bin/../lib/gcc/arm-none-eabi/4.8.4/armv6-m\libcr_eabihelpers.a(division_idiv0.o)
 .bss           0x00000000        0x0 c:/nxp/lpcxpresso_7.5.0_254/lpcxpresso/tools/bin/../lib/gcc/arm-none-eabi/4.8.4/armv6-m\libcr_eabihelpers.a(division_idiv0.o)
 .text          0x00000000        0x0 c:/nxp/lpcxpresso_7.5.0_254/lpcxpresso/tools/bin/../lib/gcc/arm-none-eabi/4.8.4/armv6-m\libcr_eabihelpers.a(double.o)
 .data          0x00000000        0x0 c:/nxp/lpcxpresso_7.5.0_254/lpcxpresso/tools/bin/../lib/gcc/arm-none-eabi/4.8.4/armv6-m\libcr_eabihelpers.a(double.o)
 .bss           0x00000000        0x0 c:/nxp/lpcxpresso_7.5.0_254/lpcxpresso/tools/bin/../lib/gcc/arm-none-eabi/4.8.4/armv6-m\libcr_eabihelpers.a(double.o)
 .text.__aeabi_drsub
                0x00000000       0x26 c:/nxp/lpcxpresso_7.5.0_254/lpcxpresso/tools/bin/../lib/gcc/arm-none-eabi/4.8.4/armv6-m\libcr_eabihelpers.a(double.o)
 .text.__aeabi_dneg
                0x00000000       0x10 c:/nxp/lpcxpresso_7.5.0_254/lpcxpresso/tools/bin/../lib/gcc/arm-none-eabi/4.8.4/armv6-m\libcr_eabihelpers.a(double.o)
 .text.__aeabi_d2uiz
                0x00000000       0x38 c:/nxp/lpcxpresso_7.5.0_254/lpcxpresso/tools/bin/../lib/gcc/arm-none-eabi/4.8.4/armv6-m\libcr_eabihelpers.a(double.o)
 .text.__aeabi_d2lz
                0x00000000       0x84 c:/nxp/lpcxpresso_7.5.0_254/lpcxpresso/tools/bin/../lib/gcc/arm-none-eabi/4.8.4/armv6-m\libcr_eabihelpers.a(double.o)
 .text.__aeabi_d2ulz
                0x00000000       0x58 c:/nxp/lpcxpresso_7.5.0_254/lpcxpresso/tools/bin/../lib/gcc/arm-none-eabi/4.8.4/armv6-m\libcr_eabihelpers.a(double.o)
 .text.__bhs_ul2d
                0x00000000       0xb4 c:/nxp/lpcxpresso_7.5.0_254/lpcxpresso/tools/bin/../lib/gcc/arm-none-eabi/4.8.4/armv6-m\libcr_eabihelpers.a(double.o)
 .text.__aeabi_ui2d
                0x00000000        0xc c:/nxp/lpcxpresso_7.5.0_254/lpcxpresso/tools/bin/../lib/gcc/arm-none-eabi/4.8.4/armv6-m\libcr_eabihelpers.a(double.o)
 .text.__aeabi_l2d
                0x00000000       0x20 c:/nxp/lpcxpresso_7.5.0_254/lpcxpresso/tools/bin/../lib/gcc/arm-none-eabi/4.8.4/armv6-m\libcr_eabihelpers.a(double.o)
 .text.__aeabi_ul2d
                0x00000000        0xc c:/nxp/lpcxpresso_7.5.0_254/lpcxpresso/tools/bin/../lib/gcc/arm-none-eabi/4.8.4/armv6-m\libcr_eabihelpers.a(double.o)
 .text.__aeabi_dcmpge
                0x00000000       0x70 c:/nxp/lpcxpresso_7.5.0_254/lpcxpresso/tools/bin/../lib/gcc/arm-none-eabi/4.8.4/armv6-m\libcr_eabihelpers.a(double.o)
 .text.__aeabi_dcmpun
                0x00000000       0x1c c:/nxp/lpcxpresso_7.5.0_254/lpcxpresso/tools/bin/../lib/gcc/arm-none-eabi/4.8.4/armv6-m\libcr_eabihelpers.a(double.o)
 .text.__aeabi_cdcmple
                0x00000000       0x2e c:/nxp/lpcxpresso_7.5.0_254/lpcxpresso/tools/bin/../lib/gcc/arm-none-eabi/4.8.4/armv6-m\libcr_eabihelpers.a(double.o)
 .text.__aeabi_cdrcmple
                0x00000000       0x14 c:/nxp/lpcxpresso_7.5.0_254/lpcxpresso/tools/bin/../lib/gcc/arm-none-eabi/4.8.4/armv6-m\libcr_eabihelpers.a(double.o)
 .text          0x00000000        0x0 c:/nxp/lpcxpresso_7.5.0_254/lpcxpresso/tools/bin/../lib/gcc/arm-none-eabi/4.8.4/armv6-m\libcr_eabihelpers.a(float.o)
 .data          0x00000000        0x0 c:/nxp/lpcxpresso_7.5.0_254/lpcxpresso/tools/bin/../lib/gcc/arm-none-eabi/4.8.4/armv6-m\libcr_eabihelpers.a(float.o)
 .bss           0x00000000        0x0 c:/nxp/lpcxpresso_7.5.0_254/lpcxpresso/tools/bin/../lib/gcc/arm-none-eabi/4.8.4/armv6-m\libcr_eabihelpers.a(float.o)
 .text.__aeabi_fmul
                0x00000000       0xc8 c:/nxp/lpcxpresso_7.5.0_254/lpcxpresso/tools/bin/../lib/gcc/arm-none-eabi/4.8.4/armv6-m\libcr_eabihelpers.a(float.o)
 .text.__aeabi_frsub
                0x00000000       0x10 c:/nxp/lpcxpresso_7.5.0_254/lpcxpresso/tools/bin/../lib/gcc/arm-none-eabi/4.8.4/armv6-m\libcr_eabihelpers.a(float.o)
 .text.__aeabi_fneg
                0x00000000        0x8 c:/nxp/lpcxpresso_7.5.0_254/lpcxpresso/tools/bin/../lib/gcc/arm-none-eabi/4.8.4/armv6-m\libcr_eabihelpers.a(float.o)
 .text.__aeabi_f2uiz
                0x00000000       0x26 c:/nxp/lpcxpresso_7.5.0_254/lpcxpresso/tools/bin/../lib/gcc/arm-none-eabi/4.8.4/armv6-m\libcr_eabihelpers.a(float.o)
 .text.__aeabi_f2lz
                0x00000000       0x64 c:/nxp/lpcxpresso_7.5.0_254/lpcxpresso/tools/bin/../lib/gcc/arm-none-eabi/4.8.4/armv6-m\libcr_eabihelpers.a(float.o)
 .text.__aeabi_f2ulz
                0x00000000       0x40 c:/nxp/lpcxpresso_7.5.0_254/lpcxpresso/tools/bin/../lib/gcc/arm-none-eabi/4.8.4/armv6-m\libcr_eabihelpers.a(float.o)
 .text.__bhs_ul2f
                0x00000000       0x84 c:/nxp/lpcxpresso_7.5.0_254/lpcxpresso/tools/bin/../lib/gcc/arm-none-eabi/4.8.4/armv6-m\libcr_eabihelpers.a(float.o)
 .text.__aeabi_ui2f
                0x00000000        0xc c:/nxp/lpcxpresso_7.5.0_254/lpcxpresso/tools/bin/../lib/gcc/arm-none-eabi/4.8.4/armv6-m\libcr_eabihelpers.a(float.o)
 .text.__aeabi_l2f
                0x00000000       0x20 c:/nxp/lpcxpresso_7.5.0_254/lpcxpresso/tools/bin/../lib/gcc/arm-none-eabi/4.8.4/armv6-m\libcr_eabihelpers.a(float.o)
 .text.__aeabi_ul2f
                0x00000000        0xc c:/nxp/lpcxpresso_7.5.0_254/lpcxpresso/tools/bin/../lib/gcc/arm-none-eabi/4.8.4/armv6-m\libcr_eabihelpers.a(float.o)
 .text.__aeabi_fcmpeq
                0x00000000       0x20 c:/nxp/lpcxpresso_7.5.0_254/lpcxpresso/tools/bin/../lib/gcc/arm-none-eabi/4.8.4/armv6-m\libcr_eabihelpers.a(float.o)
 .text.__aeabi_fcmplt
                0x00000000       0x42 c:/nxp/lpcxpresso_7.5.0_254/lpcxpresso/tools/bin/../lib/gcc/arm-none-eabi/4.8.4/armv6-m\libcr_eabihelpers.a(float.o)
 .text.__aeabi_fcmpgt
                0x00000000       0x3c c:/nxp/lpcxpresso_7.5.0_254/lpcxpresso/tools/bin/../lib/gcc/arm-none-eabi/4.8.4/armv6-m\libcr_eabihelpers.a(float.o)
 .text.__aeabi_fcmple
                0x00000000       0x40 c:/nxp/lpcxpresso_7.5.0_254/lpcxpresso/tools/bin/../lib/gcc/arm-none-eabi/4.8.4/armv6-m\libcr_eabihelpers.a(float.o)
 .text.__aeabi_fcmpun
                0x00000000       0x16 c:/nxp/lpcxpresso_7.5.0_254/lpcxpresso/tools/bin/../lib/gcc/arm-none-eabi/4.8.4/armv6-m\libcr_eabihelpers.a(float.o)
 .text.__aeabi_cfcmple
                0x00000000       0x24 c:/nxp/lpcxpresso_7.5.0_254/lpcxpresso/tools/bin/../lib/gcc/arm-none-eabi/4.8.4/armv6-m\libcr_eabihelpers.a(float.o)
 .text.__aeabi_cfrcmple
                0x00000000        0xe c:/nxp/lpcxpresso_7.5.0_254/lpcxpresso/tools/bin/../lib/gcc/arm-none-eabi/4.8.4/armv6-m\libcr_eabihelpers.a(float.o)
 .text          0x00000000        0x0 c:/nxp/lpcxpresso_7.5.0_254/lpcxpresso/tools/bin/../lib/gcc/arm-none-eabi/4.8.4/armv6-m\libcr_eabihelpers.a(llong.o)
 .data          0x00000000        0x0 c:/nxp/lpcxpresso_7.5.0_254/lpcxpresso/tools/bin/../lib/gcc/arm-none-eabi/4.8.4/armv6-m\libcr_eabihelpers.a(llong.o)
 .bss           0x00000000        0x0 c:/nxp/lpcxpresso_7.5.0_254/lpcxpresso/tools/bin/../lib/gcc/arm-none-eabi/4.8.4/armv6-m\libcr_eabihelpers.a(llong.o)
 .text.__aeabi_llong_llsl
                0x00000000       0x18 c:/nxp/lpcxpresso_7.5.0_254/lpcxpresso/tools/bin/../lib/gcc/arm-none-eabi/4.8.4/armv6-m\libcr_eabihelpers.a(llong.o)
 .text.__aeabi_llong_llsr
                0x00000000       0x18 c:/nxp/lpcxpresso_7.5.0_254/lpcxpresso/tools/bin/../lib/gcc/arm-none-eabi/4.8.4/armv6-m\libcr_eabihelpers.a(llong.o)
 .text.__aeabi_llong_lasr
                0x00000000       0x18 c:/nxp/lpcxpresso_7.5.0_254/lpcxpresso/tools/bin/../lib/gcc/arm-none-eabi/4.8.4/armv6-m\libcr_eabihelpers.a(llong.o)
 .text.__aeabi_llong_lcmp
                0x00000000       0x14 c:/nxp/lpcxpresso_7.5.0_254/lpcxpresso/tools/bin/../lib/gcc/arm-none-eabi/4.8.4/armv6-m\libcr_eabihelpers.a(llong.o)
 .text.__aeabi_llong_ulcmp
                0x00000000       0x10 c:/nxp/lpcxpresso_7.5.0_254/lpcxpresso/tools/bin/../lib/gcc/arm-none-eabi/4.8.4/armv6-m\libcr_eabihelpers.a(llong.o)

Memory Configuration

Name             Origin             Length             Attributes
MFlash32         0x00000000         0x00008000         xr
RamLoc8          0x10000000         0x00002000         xrw
*default*        0x00000000         0xffffffff

Linker script and memory map

LOAD ./src/SPI.o
LOAD ./src/Software.o
LOAD ./src/adc.o
LOAD ./src/cr_startup_lpc11xx.o
LOAD ./src/crp.o
LOAD ./src/pwm.o
LOAD ./src/str.o
LOAD ./src/temp.o
LOAD ./src/uart.o
LOAD C:\Users\Marcus\Dropbox\E7020E (LP3 14-15)\Project\CMSISv2p00_LPC11xx\Debug\libCMSISv2p00_LPC11xx.a
START GROUP
LOAD c:/nxp/lpcxpresso_7.5.0_254/lpcxpresso/tools/bin/../lib/gcc/arm-none-eabi/4.8.4/../../../../arm-none-eabi/lib/armv6-m\libcr_c.a
LOAD c:/nxp/lpcxpresso_7.5.0_254/lpcxpresso/tools/bin/../lib/gcc/arm-none-eabi/4.8.4/armv6-m\libcr_eabihelpers.a
END GROUP
                0x00008000                __top_MFlash32 = 0x8000
                0x10002000                __top_RamLoc8 = 0x10002000

.text           0x00000000     0x27f0
 FILL mask 0xff
                0x00000000                __vectors_start__ = ABSOLUTE (.)
 *(.isr_vector)
 .isr_vector    0x00000000       0xc0 ./src/cr_startup_lpc11xx.o
                0x00000000                g_pfnVectors
                0x000000c0                . = ALIGN (0x4)
                0x000000c0                __section_table_start = .
                0x000000c0                __data_section_table = .
                0x000000c0        0x4 LONG 0x27f0 LOADADDR (.data)
                0x000000c4        0x4 LONG 0x10000000 ADDR (.data)
                0x000000c8        0x4 LONG 0x4 SIZEOF (.data)
                0x000000cc                __data_section_table_end = .
                0x000000cc                __bss_section_table = .
                0x000000cc        0x4 LONG 0x10000004 ADDR (.bss)
                0x000000d0        0x4 LONG 0x3c SIZEOF (.bss)
                0x000000d4                __bss_section_table_end = .
                0x000000d4                __section_table_end = .
 *(.after_vectors*)
 .after_vectors
                0x000000d4      0x128 ./src/cr_startup_lpc11xx.o
                0x000000d4                data_init
                0x00000114                bss_init
                0x00000148                ResetISR
                0x000001cc                NMI_Handler
                0x000001d4                HardFault_Handler
                0x000001dc                SVC_Handler
                0x000001e4                PendSV_Handler
                0x000001ec                SysTick_Handler
                0x000001f4                SSP0_IRQHandler
                0x000001f4                CAN_IRQHandler
                0x000001f4                IntDefaultHandler
                0x000001f4                TIMER16_1_IRQHandler
                0x000001f4                TIMER32_1_IRQHandler
                0x000001f4                PIOINT2_IRQHandler
                0x000001f4                BOD_IRQHandler
                0x000001f4                WAKEUP_IRQHandler
                0x000001f4                PIOINT0_IRQHandler
                0x000001f4                I2C_IRQHandler
                0x000001f4                WDT_IRQHandler
                0x000001f4                TIMER32_0_IRQHandler
                0x000001f4                SSP1_IRQHandler
                0x000001f4                PIOINT3_IRQHandler
                0x000002fc                . = 0x2fc
 *fill*         0x000001fc      0x100 ff
                0x000002fc                PROVIDE (__CRP_WORD_START__, .)
 *(.crp)
 .crp           0x000002fc        0x4 ./src/crp.o
                0x000002fc                CRP_WORD
                0x00000300                PROVIDE (__CRP_WORD_END__, .)
                0x00000001                ASSERT (! ((__CRP_WORD_START__ == __CRP_WORD_END__)), Linker CRP Enabled, but no CRP_WORD provided within application)
 *(.text*)
 .text.NVIC_EnableIRQ
                0x00000300       0x2c ./src/Software.o
 .text.NVIC_SetPriority
                0x0000032c       0xe0 ./src/Software.o
 .text.main     0x0000040c      0x104 ./src/Software.o
                0x0000040c                main
 .text.TIMER16_0_IRQHandler
                0x00000510       0x34 ./src/Software.o
                0x00000510                TIMER16_0_IRQHandler
 .text.PIOINT1_IRQHandler
                0x00000544       0x34 ./src/Software.o
                0x00000544                PIOINT1_IRQHandler
 .text.NVIC_EnableIRQ
                0x00000578       0x2c ./src/adc.o
 .text.NVIC_SetPriority
                0x000005a4       0xe0 ./src/adc.o
 .text.adc_init
                0x00000684       0xb8 ./src/adc.o
                0x00000684                adc_init
 .text.ADC_IRQHandler
                0x0000073c       0xb8 ./src/adc.o
                0x0000073c                ADC_IRQHandler
 .text.pwm_init
                0x000007f4       0xd0 ./src/pwm.o
                0x000007f4                pwm_init
 .text.pwm_red  0x000008c4       0x34 ./src/pwm.o
                0x000008c4                pwm_red
 .text.pwm_green
                0x000008f8       0x34 ./src/pwm.o
                0x000008f8                pwm_green
 .text.pwm_blue
                0x0000092c       0x34 ./src/pwm.o
                0x0000092c                pwm_blue
 .text.int2str  0x00000960       0xc4 ./src/str.o
                0x00000960                int2str
 *fill*         0x00000a24        0x4 
 .text.float2str
                0x00000a28      0x2d8 ./src/str.o
                0x00000a28                float2str
 .text.round    0x00000d00       0x44 ./src/str.o
                0x00000d00                round
 .text.switch_mode
                0x00000d44       0x24 ./src/temp.o
                0x00000d44                switch_mode
 .text.conv     0x00000d68      0x210 ./src/temp.o
                0x00000d68                conv
 .text.NVIC_EnableIRQ
                0x00000f78       0x2c ./src/uart.o
 .text.NVIC_DisableIRQ
                0x00000fa4       0x30 ./src/uart.o
 .text.NVIC_SetPriority
                0x00000fd4       0xe0 ./src/uart.o
 .text.uart_init
                0x000010b4       0x80 ./src/uart.o
                0x000010b4                uart_init
 .text.uart_send
                0x00001134       0x9c ./src/uart.o
                0x00001134                uart_send
 .text.uart_transmit
                0x000011d0       0x5c ./src/uart.o
                0x000011d0                uart_transmit
 .text.UART_IRQHandler
                0x0000122c       0x60 ./src/uart.o
                0x0000122c                UART_IRQHandler
 .text.SystemInit
                0x0000128c       0x90 C:\Users\Marcus\Dropbox\E7020E (LP3 14-15)\Project\CMSISv2p00_LPC11xx\Debug\libCMSISv2p00_LPC11xx.a(system_LPC11xx.o)
                0x0000128c                SystemInit
 .text.__weak_main
                0x0000131c        0x8 c:/nxp/lpcxpresso_7.5.0_254/lpcxpresso/tools/bin/../lib/gcc/arm-none-eabi/4.8.4/../../../../arm-none-eabi/lib/armv6-m\libcr_c.a(__weak__main.o)
                0x0000131c                __weak_main
                0x0000131c                __main
 *fill*         0x00001324        0x4 
 .text.pow      0x00001328      0x590 c:/nxp/lpcxpresso_7.5.0_254/lpcxpresso/tools/bin/../lib/gcc/arm-none-eabi/4.8.4/../../../../arm-none-eabi/lib/armv6-m\libcr_c.a(pow.o)
                0x00001328                pow
 .text.frexp    0x000018b8       0x80 c:/nxp/lpcxpresso_7.5.0_254/lpcxpresso/tools/bin/../lib/gcc/arm-none-eabi/4.8.4/../../../../arm-none-eabi/lib/armv6-m\libcr_c.a(frexp.o)
                0x000018b8                frexp
 .text.ldexp    0x00001938       0x60 c:/nxp/lpcxpresso_7.5.0_254/lpcxpresso/tools/bin/../lib/gcc/arm-none-eabi/4.8.4/../../../../arm-none-eabi/lib/armv6-m\libcr_c.a(ldexp.o)
                0x00001938                ldexp
 .text.__aeabi_division_idivmod
                0x00001998       0x78 c:/nxp/lpcxpresso_7.5.0_254/lpcxpresso/tools/bin/../lib/gcc/arm-none-eabi/4.8.4/armv6-m\libcr_eabihelpers.a(division_32.o)
                0x00001998                __aeabi_idivmod
                0x00001998                __aeabi_idiv
                0x0000199e                __aeabi_uidivmod
                0x0000199e                __aeabi_uidiv
 .text.__aeabi_division_idiv0
                0x00001a10        0x2 c:/nxp/lpcxpresso_7.5.0_254/lpcxpresso/tools/bin/../lib/gcc/arm-none-eabi/4.8.4/armv6-m\libcr_eabihelpers.a(division_idiv0.o)
                0x00001a10                __aeabi_idiv0
 *fill*         0x00001a12        0x6 
 .text.__aeabi_dmul
                0x00001a18      0x188 c:/nxp/lpcxpresso_7.5.0_254/lpcxpresso/tools/bin/../lib/gcc/arm-none-eabi/4.8.4/armv6-m\libcr_eabihelpers.a(double.o)
                0x00001a18                __aeabi_dmul
 .text.__aeabi_ddiv
                0x00001ba0      0x160 c:/nxp/lpcxpresso_7.5.0_254/lpcxpresso/tools/bin/../lib/gcc/arm-none-eabi/4.8.4/armv6-m\libcr_eabihelpers.a(double.o)
                0x00001ba0                __aeabi_ddiv
 .text.__aeabi_dsub
                0x00001d00      0x1e8 c:/nxp/lpcxpresso_7.5.0_254/lpcxpresso/tools/bin/../lib/gcc/arm-none-eabi/4.8.4/armv6-m\libcr_eabihelpers.a(double.o)
                0x00001d00                __aeabi_dsub
 .text.__aeabi_dadd
                0x00001ee8      0x148 c:/nxp/lpcxpresso_7.5.0_254/lpcxpresso/tools/bin/../lib/gcc/arm-none-eabi/4.8.4/armv6-m\libcr_eabihelpers.a(double.o)
                0x00001ee8                __aeabi_dadd
 .text.__aeabi_d2f
                0x00002030       0x5c c:/nxp/lpcxpresso_7.5.0_254/lpcxpresso/tools/bin/../lib/gcc/arm-none-eabi/4.8.4/armv6-m\libcr_eabihelpers.a(double.o)
                0x00002030                __aeabi_d2f
 .text.__aeabi_d2iz
                0x0000208c       0x48 c:/nxp/lpcxpresso_7.5.0_254/lpcxpresso/tools/bin/../lib/gcc/arm-none-eabi/4.8.4/armv6-m\libcr_eabihelpers.a(double.o)
                0x0000208c                __aeabi_d2iz
 .text.__bhs_ui2d
                0x000020d4       0x5e c:/nxp/lpcxpresso_7.5.0_254/lpcxpresso/tools/bin/../lib/gcc/arm-none-eabi/4.8.4/armv6-m\libcr_eabihelpers.a(double.o)
                0x000020d4                __bhs_ui2d
 .text.__aeabi_i2d
                0x00002132       0x16 c:/nxp/lpcxpresso_7.5.0_254/lpcxpresso/tools/bin/../lib/gcc/arm-none-eabi/4.8.4/armv6-m\libcr_eabihelpers.a(double.o)
                0x00002132                __aeabi_i2d
 .text.__aeabi_dcmpeq
                0x00002148       0x38 c:/nxp/lpcxpresso_7.5.0_254/lpcxpresso/tools/bin/../lib/gcc/arm-none-eabi/4.8.4/armv6-m\libcr_eabihelpers.a(double.o)
                0x00002148                __aeabi_dcmpeq
 .text.__aeabi_dcmplt
                0x00002180       0x78 c:/nxp/lpcxpresso_7.5.0_254/lpcxpresso/tools/bin/../lib/gcc/arm-none-eabi/4.8.4/armv6-m\libcr_eabihelpers.a(double.o)
                0x00002180                __aeabi_dcmplt
 .text.__aeabi_dcmpgt
                0x000021f8       0x68 c:/nxp/lpcxpresso_7.5.0_254/lpcxpresso/tools/bin/../lib/gcc/arm-none-eabi/4.8.4/armv6-m\libcr_eabihelpers.a(double.o)
                0x000021f8                __aeabi_dcmpgt
 .text.__aeabi_dcmple
                0x00002260       0x78 c:/nxp/lpcxpresso_7.5.0_254/lpcxpresso/tools/bin/../lib/gcc/arm-none-eabi/4.8.4/armv6-m\libcr_eabihelpers.a(double.o)
                0x00002260                __aeabi_dcmple
 .text.__aeabi_fdiv
                0x000022d8       0xe0 c:/nxp/lpcxpresso_7.5.0_254/lpcxpresso/tools/bin/../lib/gcc/arm-none-eabi/4.8.4/armv6-m\libcr_eabihelpers.a(float.o)
                0x000022d8                __aeabi_fdiv
 .text.__aeabi_fsub
                0x000023b8      0x130 c:/nxp/lpcxpresso_7.5.0_254/lpcxpresso/tools/bin/../lib/gcc/arm-none-eabi/4.8.4/armv6-m\libcr_eabihelpers.a(float.o)
                0x000023b8                __aeabi_fsub
 .text.__aeabi_fadd
                0x000024e8       0xb8 c:/nxp/lpcxpresso_7.5.0_254/lpcxpresso/tools/bin/../lib/gcc/arm-none-eabi/4.8.4/armv6-m\libcr_eabihelpers.a(float.o)
                0x000024e8                __aeabi_fadd
 .text.__aeabi_f2iz
                0x000025a0       0x38 c:/nxp/lpcxpresso_7.5.0_254/lpcxpresso/tools/bin/../lib/gcc/arm-none-eabi/4.8.4/armv6-m\libcr_eabihelpers.a(float.o)
                0x000025a0                __aeabi_f2iz
 .text.__bhs_ui2f
                0x000025d8       0x60 c:/nxp/lpcxpresso_7.5.0_254/lpcxpresso/tools/bin/../lib/gcc/arm-none-eabi/4.8.4/armv6-m\libcr_eabihelpers.a(float.o)
                0x000025d8                __bhs_ui2f
 .text.__aeabi_i2f
                0x00002638       0x16 c:/nxp/lpcxpresso_7.5.0_254/lpcxpresso/tools/bin/../lib/gcc/arm-none-eabi/4.8.4/armv6-m\libcr_eabihelpers.a(float.o)
                0x00002638                __aeabi_i2f
 *fill*         0x0000264e        0x2 
 .text.__aeabi_f2d
                0x00002650       0x3c c:/nxp/lpcxpresso_7.5.0_254/lpcxpresso/tools/bin/../lib/gcc/arm-none-eabi/4.8.4/armv6-m\libcr_eabihelpers.a(float.o)
                0x00002650                __aeabi_f2d
 .text.__aeabi_fcmpge
                0x0000268c       0x3c c:/nxp/lpcxpresso_7.5.0_254/lpcxpresso/tools/bin/../lib/gcc/arm-none-eabi/4.8.4/armv6-m\libcr_eabihelpers.a(float.o)
                0x0000268c                __aeabi_fcmpge
 .text.__aeabi_llong_lmul
                0x000026c8       0x2e c:/nxp/lpcxpresso_7.5.0_254/lpcxpresso/tools/bin/../lib/gcc/arm-none-eabi/4.8.4/armv6-m\libcr_eabihelpers.a(llong.o)
                0x000026c8                __aeabi_lmul
 *(.rodata .rodata.* .constdata .constdata.*)
 *fill*         0x000026f6        0x2 
 .rodata        0x000026f8        0x8 ./src/Software.o
 .rodata        0x00002700       0x18 ./src/temp.o
 .rodata        0x00002718        0x4 ./src/uart.o
 *fill*         0x0000271c        0x4 
 .rodata.a2.3921
                0x00002720       0x40 c:/nxp/lpcxpresso_7.5.0_254/lpcxpresso/tools/bin/../lib/gcc/arm-none-eabi/4.8.4/../../../../arm-none-eabi/lib/armv6-m\libcr_c.a(pow.o)
 .rodata.a1.3920
                0x00002760       0x88 c:/nxp/lpcxpresso_7.5.0_254/lpcxpresso/tools/bin/../lib/gcc/arm-none-eabi/4.8.4/../../../../arm-none-eabi/lib/armv6-m\libcr_c.a(pow.o)
 .rodata.__huge_val
                0x000027e8        0x8 c:/nxp/lpcxpresso_7.5.0_254/lpcxpresso/tools/bin/../lib/gcc/arm-none-eabi/4.8.4/../../../../arm-none-eabi/lib/armv6-m\libcr_c.a(_hugeval.o)
                0x000027e8                __huge_val
                0x000027f0                . = ALIGN (0x4)

.glue_7         0x000027f0        0x0
 .glue_7        0x00000000        0x0 linker stubs

.glue_7t        0x000027f0        0x0
 .glue_7t       0x00000000        0x0 linker stubs

.vfp11_veneer   0x000027f0        0x0
 .vfp11_veneer  0x00000000        0x0 linker stubs

.v4_bx          0x000027f0        0x0
 .v4_bx         0x00000000        0x0 linker stubs

.iplt           0x000027f0        0x0
 .iplt          0x00000000        0x0 ./src/SPI.o

.rel.dyn        0x000027f0        0x0
 .rel.iplt      0x00000000        0x0 ./src/SPI.o

.ARM.extab
 *(.ARM.extab* .gnu.linkonce.armextab.*)
                0x000027f0                __exidx_start = .

.ARM.exidx
 *(.ARM.exidx* .gnu.linkonce.armexidx.*)
                0x000027f0                __exidx_end = .
                0x000027f0                _etext = .

.uninit_RESERVED
                0x10000000        0x0
 *(.bss.$RESERVED*)
                0x10000000                . = ALIGN (0x4)
                0x10000000                _end_uninit_RESERVED = .

.data           0x10000000        0x4 load address 0x000027f0
 FILL mask 0xff
                0x10000000                _data = .
 *(vtable)
 *(.ramfunc*)
 *(.data*)
 .data.temp_mode
                0x10000000        0x4 ./src/temp.o
                0x10000000                temp_mode
                0x10000004                . = ALIGN (0x4)
                0x10000004                _edata = .

.igot.plt       0x10000004        0x0 load address 0x000027f4
 .igot.plt      0x00000000        0x0 ./src/SPI.o

.bss            0x10000004       0x3c load address 0x000027f4
                0x10000004                _bss = .
 *(.bss*)
 .bss.sum.4490  0x10000004        0x4 ./src/adc.o
 .bss.n.4489    0x10000008        0x4 ./src/adc.o
 .bss.temp.4492
                0x1000000c        0x4 ./src/temp.o
 .bss.uart_tx_buf_start
                0x10000010        0x4 ./src/uart.o
                0x10000010                uart_tx_buf_start
 .bss.uart_tx_buf_end
                0x10000014        0x4 ./src/uart.o
                0x10000014                uart_tx_buf_end
 .bss.uart_tx_active
                0x10000018        0x4 ./src/uart.o
                0x10000018                uart_tx_active
 .bss.errno     0x1000001c        0x4 c:/nxp/lpcxpresso_7.5.0_254/lpcxpresso/tools/bin/../lib/gcc/arm-none-eabi/4.8.4/../../../../arm-none-eabi/lib/armv6-m\libcr_c.a(errno.o)
                0x1000001c                errno
 *(COMMON)
 COMMON         0x10000020       0x20 ./src/uart.o
                0x10000020                uart_tx_buf
                0x10000040                . = ALIGN (0x4)
                0x10000040                _ebss = .
                0x10000040                PROVIDE (end, .)

.noinit         0x10000040        0x0 load address 0x000027f4
                0x10000040                _noinit = .
 *(.noinit*)
                0x10000040                . = ALIGN (0x4)
                0x10000040                _end_noinit = .
                0x10000040                PROVIDE (_pvHeapStart, DEFINED (__user_heap_base)?__user_heap_base:.)
                0x10002000                PROVIDE (_vStackTop, DEFINED (__user_stack_top)?__user_stack_top:(__top_RamLoc8 - 0x0))
OUTPUT(Software.axf elf32-littlearm)

.debug_info     0x00000000     0x329b
 .debug_info    0x00000000      0xa02 ./src/Software.o
 .debug_info    0x00000a02      0xb2a ./src/adc.o
 .debug_info    0x0000152c      0x1fe ./src/cr_startup_lpc11xx.o
 .debug_info    0x0000172a       0x3f ./src/crp.o
 .debug_info    0x00001769      0x80c ./src/pwm.o
 .debug_info    0x00001f75      0x1d7 ./src/str.o
 .debug_info    0x0000214c      0x127 ./src/temp.o
 .debug_info    0x00002273      0xbd2 ./src/uart.o
 .debug_info    0x00002e45      0x456 C:\Users\Marcus\Dropbox\E7020E (LP3 14-15)\Project\CMSISv2p00_LPC11xx\Debug\libCMSISv2p00_LPC11xx.a(system_LPC11xx.o)

.debug_abbrev   0x00000000      0xad5
 .debug_abbrev  0x00000000      0x259 ./src/Software.o
 .debug_abbrev  0x00000259      0x1dc ./src/adc.o
 .debug_abbrev  0x00000435       0xe6 ./src/cr_startup_lpc11xx.o
 .debug_abbrev  0x0000051b       0x36 ./src/crp.o
 .debug_abbrev  0x00000551      0x121 ./src/pwm.o
 .debug_abbrev  0x00000672       0xc3 ./src/str.o
 .debug_abbrev  0x00000735       0x9e ./src/temp.o
 .debug_abbrev  0x000007d3      0x1fc ./src/uart.o
 .debug_abbrev  0x000009cf      0x106 C:\Users\Marcus\Dropbox\E7020E (LP3 14-15)\Project\CMSISv2p00_LPC11xx\Debug\libCMSISv2p00_LPC11xx.a(system_LPC11xx.o)

.debug_aranges  0x00000000      0x210
 .debug_aranges
                0x00000000       0x50 ./src/Software.o
 .debug_aranges
                0x00000050       0x38 ./src/adc.o
 .debug_aranges
                0x00000088       0x60 ./src/cr_startup_lpc11xx.o
 .debug_aranges
                0x000000e8       0x18 ./src/crp.o
 .debug_aranges
                0x00000100       0x38 ./src/pwm.o
 .debug_aranges
                0x00000138       0x30 ./src/str.o
 .debug_aranges
                0x00000168       0x30 ./src/temp.o
 .debug_aranges
                0x00000198       0x50 ./src/uart.o
 .debug_aranges
                0x000001e8       0x28 C:\Users\Marcus\Dropbox\E7020E (LP3 14-15)\Project\CMSISv2p00_LPC11xx\Debug\libCMSISv2p00_LPC11xx.a(system_LPC11xx.o)

.debug_ranges   0x00000000      0x178
 .debug_ranges  0x00000000       0x40 ./src/Software.o
 .debug_ranges  0x00000040       0x28 ./src/adc.o
 .debug_ranges  0x00000068       0x50 ./src/cr_startup_lpc11xx.o
 .debug_ranges  0x000000b8       0x28 ./src/pwm.o
 .debug_ranges  0x000000e0       0x20 ./src/str.o
 .debug_ranges  0x00000100       0x20 ./src/temp.o
 .debug_ranges  0x00000120       0x40 ./src/uart.o
 .debug_ranges  0x00000160       0x18 C:\Users\Marcus\Dropbox\E7020E (LP3 14-15)\Project\CMSISv2p00_LPC11xx\Debug\libCMSISv2p00_LPC11xx.a(system_LPC11xx.o)

.debug_macro    0x00000000      0xe98
 .debug_macro   0x00000000       0xd2 ./src/Software.o
 .debug_macro   0x000000d2       0xda ./src/adc.o
 .debug_macro   0x000001ac       0x1d ./src/cr_startup_lpc11xx.o
 .debug_macro   0x000001c9       0x1a ./src/crp.o
 .debug_macro   0x000001e3       0x34 ./src/crp.o
 .debug_macro   0x00000217       0xd2 ./src/pwm.o
 .debug_macro   0x000002e9       0x33 ./src/str.o
 .debug_macro   0x0000031c       0xc4 ./src/str.o
 .debug_macro   0x000003e0       0xdd ./src/temp.o
 .debug_macro   0x000004bd       0x86 ./src/uart.o
 .debug_macro   0x00000543      0x13b C:\Users\Marcus\Dropbox\E7020E (LP3 14-15)\Project\CMSISv2p00_LPC11xx\Debug\libCMSISv2p00_LPC11xx.a(system_LPC11xx.o)
 .debug_macro   0x0000067e      0x81a C:\Users\Marcus\Dropbox\E7020E (LP3 14-15)\Project\CMSISv2p00_LPC11xx\Debug\libCMSISv2p00_LPC11xx.a(system_LPC11xx.o)

.debug_line     0x00000000     0x110a
 .debug_line    0x00000000      0x2eb ./src/Software.o
 .debug_line    0x000002eb      0x28d ./src/adc.o
 .debug_line    0x00000578       0xc2 ./src/cr_startup_lpc11xx.o
 .debug_line    0x0000063a       0x78 ./src/crp.o
 .debug_line    0x000006b2      0x28a ./src/pwm.o
 .debug_line    0x0000093c      0x145 ./src/str.o
 .debug_line    0x00000a81      0x26d ./src/temp.o
 .debug_line    0x00000cee      0x255 ./src/uart.o
 .debug_line    0x00000f43      0x1c7 C:\Users\Marcus\Dropbox\E7020E (LP3 14-15)\Project\CMSISv2p00_LPC11xx\Debug\libCMSISv2p00_LPC11xx.a(system_LPC11xx.o)

.debug_str      0x00000000     0x6929
 .debug_str     0x00000000     0x5e65 ./src/Software.o
                               0x5eed (size before relaxing)
 .debug_str     0x00005e65      0x201 ./src/adc.o
                               0x6055 (size before relaxing)
 .debug_str     0x00006066      0x178 ./src/cr_startup_lpc11xx.o
                               0x247c (size before relaxing)
 .debug_str     0x000061de       0xe9 ./src/crp.o
                               0x23de (size before relaxing)
 .debug_str     0x000062c7       0x37 ./src/pwm.o
                               0x5de1 (size before relaxing)
 .debug_str     0x000062fe       0x61 ./src/str.o
                               0x2885 (size before relaxing)
 .debug_str     0x0000635f       0x4c ./src/temp.o
                               0x59cc (size before relaxing)
 .debug_str     0x000063ab       0xc8 ./src/uart.o
                               0x5712 (size before relaxing)
 .debug_str     0x00006473      0x4b6 C:\Users\Marcus\Dropbox\E7020E (LP3 14-15)\Project\CMSISv2p00_LPC11xx\Debug\libCMSISv2p00_LPC11xx.a(system_LPC11xx.o)
                               0x5597 (size before relaxing)

.comment        0x00000000       0xe0
 .comment       0x00000000       0x70 ./src/Software.o
                                 0x71 (size before relaxing)
 .comment       0x00000000       0x71 ./src/adc.o
 .comment       0x00000000       0x71 ./src/cr_startup_lpc11xx.o
 .comment       0x00000000       0x71 ./src/crp.o
 .comment       0x00000000       0x71 ./src/pwm.o
 .comment       0x00000000       0x71 ./src/str.o
 .comment       0x00000000       0x71 ./src/temp.o
 .comment       0x00000000       0x71 ./src/uart.o
 .comment       0x00000000       0x71 C:\Users\Marcus\Dropbox\E7020E (LP3 14-15)\Project\CMSISv2p00_LPC11xx\Debug\libCMSISv2p00_LPC11xx.a(system_LPC11xx.o)
 .comment       0x00000070       0x70 c:/nxp/lpcxpresso_7.5.0_254/lpcxpresso/tools/bin/../lib/gcc/arm-none-eabi/4.8.4/../../../../arm-none-eabi/lib/armv6-m\libcr_c.a(__weak__main.o)
                                 0x71 (size before relaxing)
 .comment       0x00000000       0x71 c:/nxp/lpcxpresso_7.5.0_254/lpcxpresso/tools/bin/../lib/gcc/arm-none-eabi/4.8.4/../../../../arm-none-eabi/lib/armv6-m\libcr_c.a(pow.o)
 .comment       0x00000000       0x71 c:/nxp/lpcxpresso_7.5.0_254/lpcxpresso/tools/bin/../lib/gcc/arm-none-eabi/4.8.4/../../../../arm-none-eabi/lib/armv6-m\libcr_c.a(_hugeval.o)
 .comment       0x00000000       0x71 c:/nxp/lpcxpresso_7.5.0_254/lpcxpresso/tools/bin/../lib/gcc/arm-none-eabi/4.8.4/../../../../arm-none-eabi/lib/armv6-m\libcr_c.a(errno.o)
 .comment       0x00000000       0x71 c:/nxp/lpcxpresso_7.5.0_254/lpcxpresso/tools/bin/../lib/gcc/arm-none-eabi/4.8.4/../../../../arm-none-eabi/lib/armv6-m\libcr_c.a(frexp.o)
 .comment       0x00000000       0x71 c:/nxp/lpcxpresso_7.5.0_254/lpcxpresso/tools/bin/../lib/gcc/arm-none-eabi/4.8.4/../../../../arm-none-eabi/lib/armv6-m\libcr_c.a(ldexp.o)
 .comment       0x00000000       0x71 c:/nxp/lpcxpresso_7.5.0_254/lpcxpresso/tools/bin/../lib/gcc/arm-none-eabi/4.8.4/armv6-m\libcr_eabihelpers.a(double.o)
 .comment       0x00000000       0x71 c:/nxp/lpcxpresso_7.5.0_254/lpcxpresso/tools/bin/../lib/gcc/arm-none-eabi/4.8.4/armv6-m\libcr_eabihelpers.a(float.o)

.ARM.attributes
                0x00000000       0x2f
 .ARM.attributes
                0x00000000       0x31 ./src/Software.o
 .ARM.attributes
                0x00000031       0x31 ./src/adc.o
 .ARM.attributes
                0x00000062       0x31 ./src/cr_startup_lpc11xx.o
 .ARM.attributes
                0x00000093       0x31 ./src/crp.o
 .ARM.attributes
                0x000000c4       0x31 ./src/pwm.o
 .ARM.attributes
                0x000000f5       0x31 ./src/str.o
 .ARM.attributes
                0x00000126       0x31 ./src/temp.o
 .ARM.attributes
                0x00000157       0x31 ./src/uart.o
 .ARM.attributes
                0x00000188       0x31 C:\Users\Marcus\Dropbox\E7020E (LP3 14-15)\Project\CMSISv2p00_LPC11xx\Debug\libCMSISv2p00_LPC11xx.a(system_LPC11xx.o)
 .ARM.attributes
                0x000001b9       0x31 c:/nxp/lpcxpresso_7.5.0_254/lpcxpresso/tools/bin/../lib/gcc/arm-none-eabi/4.8.4/../../../../arm-none-eabi/lib/armv6-m\libcr_c.a(__weak__main.o)
 .ARM.attributes
                0x000001ea       0x31 c:/nxp/lpcxpresso_7.5.0_254/lpcxpresso/tools/bin/../lib/gcc/arm-none-eabi/4.8.4/../../../../arm-none-eabi/lib/armv6-m\libcr_c.a(pow.o)
 .ARM.attributes
                0x0000021b       0x31 c:/nxp/lpcxpresso_7.5.0_254/lpcxpresso/tools/bin/../lib/gcc/arm-none-eabi/4.8.4/../../../../arm-none-eabi/lib/armv6-m\libcr_c.a(_hugeval.o)
 .ARM.attributes
                0x0000024c       0x31 c:/nxp/lpcxpresso_7.5.0_254/lpcxpresso/tools/bin/../lib/gcc/arm-none-eabi/4.8.4/../../../../arm-none-eabi/lib/armv6-m\libcr_c.a(errno.o)
 .ARM.attributes
                0x0000027d       0x31 c:/nxp/lpcxpresso_7.5.0_254/lpcxpresso/tools/bin/../lib/gcc/arm-none-eabi/4.8.4/../../../../arm-none-eabi/lib/armv6-m\libcr_c.a(frexp.o)
 .ARM.attributes
                0x000002ae       0x31 c:/nxp/lpcxpresso_7.5.0_254/lpcxpresso/tools/bin/../lib/gcc/arm-none-eabi/4.8.4/../../../../arm-none-eabi/lib/armv6-m\libcr_c.a(ldexp.o)
 .ARM.attributes
                0x000002df       0x21 c:/nxp/lpcxpresso_7.5.0_254/lpcxpresso/tools/bin/../lib/gcc/arm-none-eabi/4.8.4/armv6-m\libcr_eabihelpers.a(division_32.o)
 .ARM.attributes
                0x00000300       0x21 c:/nxp/lpcxpresso_7.5.0_254/lpcxpresso/tools/bin/../lib/gcc/arm-none-eabi/4.8.4/armv6-m\libcr_eabihelpers.a(division_idiv0.o)
 .ARM.attributes
                0x00000321       0x31 c:/nxp/lpcxpresso_7.5.0_254/lpcxpresso/tools/bin/../lib/gcc/arm-none-eabi/4.8.4/armv6-m\libcr_eabihelpers.a(double.o)
 .ARM.attributes
                0x00000352       0x31 c:/nxp/lpcxpresso_7.5.0_254/lpcxpresso/tools/bin/../lib/gcc/arm-none-eabi/4.8.4/armv6-m\libcr_eabihelpers.a(float.o)
 .ARM.attributes
                0x00000383       0x21 c:/nxp/lpcxpresso_7.5.0_254/lpcxpresso/tools/bin/../lib/gcc/arm-none-eabi/4.8.4/armv6-m\libcr_eabihelpers.a(llong.o)

.debug_frame    0x00000000      0x534
 .debug_frame   0x00000000       0xec ./src/Software.o
 .debug_frame   0x000000ec       0x90 ./src/adc.o
 .debug_frame   0x0000017c      0x118 ./src/cr_startup_lpc11xx.o
 .debug_frame   0x00000294       0x8c ./src/pwm.o
 .debug_frame   0x00000320       0x7c ./src/str.o
 .debug_frame   0x0000039c       0x68 ./src/temp.o
 .debug_frame   0x00000404       0xec ./src/uart.o
 .debug_frame   0x000004f0       0x44 C:\Users\Marcus\Dropbox\E7020E (LP3 14-15)\Project\CMSISv2p00_LPC11xx\Debug\libCMSISv2p00_LPC11xx.a(system_LPC11xx.o)

.debug_loc      0x00000000       0x84
 .debug_loc     0x00000000       0x84 C:\Users\Marcus\Dropbox\E7020E (LP3 14-15)\Project\CMSISv2p00_LPC11xx\Debug\libCMSISv2p00_LPC11xx.a(system_LPC11xx.o)
